# callgrind format
version: 1
creator: callgrind-3.26.0
pid: 12453
cmd:  build/color_quant sample_5184×3456.ppm 4 /tmp/color-quant-callgrind-all.jPPflG/quantized_4.ppm
part: 1


desc: I1 cache: 
desc: D1 cache: 
desc: LL cache: 

desc: Timerange: Basic block 0 - 1339890206
desc: Trigger: Program termination

positions: line
events: Ir
summary: 11527208720


ob=(2) /usr/lib/x86_64-linux-gnu/libc.so.6
fl=(242) ./stdlib/./stdlib/cxa_finalize.c
fn=(926) __cxa_finalize
45 4
+3 4
-3 16
+3 10
+3 8
+4 14
-4 6
+57 8
+4 12
-4 6
+12 4
cfi=(243) ./posix/./posix/register-atfork.c
cfn=(928) __unregister_atfork
calls=2 -38 
* 36
+1 8
+1 16

fl=(243)
fn=(928)
82 6
+1 4
-1 4
+1 4
fi=(244) ./posix/../malloc/dynarray-skeleton.c
243 2
fe=(243)
71 4
+38 8
+1 4

fl=(99) ./string/../sysdeps/x86_64/multiarch/memrchr.c
fn=(338) memrchr
29 1
fi=(88) ./string/../sysdeps/x86_64/multiarch/ifunc-avx2.h
+9 3
+2 4
+1 2
+1 3
+4 4
+3 3
+3 5
fe=(99)

fl=(128) ./string/../sysdeps/x86_64/multiarch/strcpy.c
fn=(408) strcpy
29 1
fi=(121) ./string/../sysdeps/x86_64/multiarch/ifunc-strcpy.h
+9 2
+1 1
-1 2
+1 2
+4 4
+3 3
+3 3
fe=(128)
-20 1

fl=(151) ./elf/./elf/libc_early_init.c
fn=(496) __libc_early_init
34 8
+2 1
cfi=(152) ./ctype/./ctype/ctype-info.c
cfn=(498) __ctype_init
calls=1 +1 
* 17
+3 1
fi=(154) ./elf/../sysdeps/nptl/pthread_early_init.h
-6 2
fe=(151)
+6 1
+3 2
fi=(154)
-9 1
cfi=(153) ./resource/../sysdeps/unix/sysv/linux/getrlimit64.c
cfn=(500) getrlimit
calls=1 +5 
* 10
* 3
+1 1
+4 5
+7 1
fi=(246) ./elf/../nptl/nptl-stack.h
+16 3
fi=(154)
-16 1
fi=(246)
+16 2
fi=(154)
-7 1
fi=(246)
+7 2
fi=(154)
-9 1
-6 1
+2 2
+4 4
+1 1
+3 1
cfi=(155) ./nptl/./nptl/pthread_mutex_conf.c
cfn=(504) __pthread_tunables_init
calls=1 -1 
* 84
fe=(151)
-9 2
cfi=(157) ./stdlib/../sysdeps/unix/sysv/linux/getrandom.c
cfn=(508) __getrandom_early_init
calls=1 238 
* 18
+3 3
+1 2
-1 1
cfi=(158) ./malloc/./malloc/arena.c
cfn=(510) __ptmalloc_init
calls=1 251 
* 1086

fl=(222) ./stdlib/../sysdeps/x86_64/rshift.S
fn=(850) __mpn_rshift
28 2
+1 2
+1 2
+1 2
+13 2
+1 2
+16 2
+1 2
+1 2
+1 2
+1 2
+1 2
+1 2
+5 2
+1 2
+1 2
+1 2
+1 2

fl=(173) ./setjmp/../sysdeps/x86_64/setjmp.S
fn=(586) __sigsetjmp
31 1
+2 1
+9 1
+1 2
+1 1
+4 1
+1 1
+1 1
+1 1
+1 1
+2 2
+2 1
+1 1
+1 1
+2 2
+2 1
+5 1
+1 1
+17 1
cfi=(174) ./setjmp/./setjmp/sigjmp.c
cfn=(588) __sigjmp_save
calls=1 -57 
* 6

fl=(122) ./string/../sysdeps/x86_64/multiarch/strncase_l.c
fn=(392) strncasecmp_l
31 1
fi=(116) ./string/../sysdeps/x86_64/multiarch/ifunc-strcasecmp.h
+5 1
+1 4
fe=(122)
-6 2
fi=(116)
+7 3
+4 4
+3 3
+3 4
fe=(122)

fl=(176) ./stdlib/./stdlib/atoi.c
fn=(594) atoi
26 2
+1 2
-1 1
+1 1
cfi=(177) ./stdlib/../stdlib/strtol.c
cfn=(596) __isoc23_strtol
calls=1 +98 
* 106
+1 2

fl=(217) ./string/../sysdeps/x86_64/multiarch/strlen-avx2.S
fn=(838) __strlen_avx2
52 1
+13 1
+1 1
+1 1
+3 1
+2 1
+1 1
+3 1
+1 1
+8 1
+1 1
+1 1
+5 2

fl=(129) ./string/../sysdeps/x86_64/multiarch/strcasecmp_l.c
fn=(412) strcasecmp_l
31 1
fi=(116)
+5 1
+1 4
fe=(129)
-6 2
fi=(116)
+7 3
+4 4
+3 3
+3 4
fe=(129)

fl=(189) ./string/../sysdeps/x86_64/multiarch/strchr-avx2.S
fn=(824) __strchrnul_avx2
53 5
+2 5
+1 5
+1 5
+1 5
+1 5
+3 5
+1 5
+4 5
+1 5
+1 5
+1 5
+1 5
+1 5
+1 5
+1 4
+13 4
+2 8
+12 1
+1 1
+6 1
+1 2
+48 1
+4 1
+1 1
+1 1
+1 1
+1 1
+1 1
+1 1

fn=(648) __strchr_avx2
53 2
+2 2
+1 2
+1 2
+1 2
+1 2
+3 2
+1 2
+4 2
+1 2
+1 2
+1 2
+1 2
+1 2
+1 2
+1 2
+3 2
+8 2
+8 2
+1 4

fl=(193) ./io/../sysdeps/unix/sysv/linux/read.c
fn=(674) read
25 6
+1 12
-1 3
+1 9
cfi=(187) ./nptl/./nptl/cancellation.c
cfn=(642) __syscall_cancel
calls=3 +48 
* 51
+1 6

fl=(206) ./io/../sysdeps/unix/sysv/linux/close_nocancel.c
fn=(742) __close_nocancel
25 2
+1 8
+1 2

fl=(136) ./string/../sysdeps/x86_64/multiarch/stpcpy.c
fn=(436) stpcpy
33 1
fi=(121)
+5 2
+1 1
-1 2
+1 2
+4 4
+3 3
+3 3
fe=(136)
-16 1

fl=(169) ./csu/../csu/libc-start.c
fn=(562) __libc_start_main@@GLIBC_2.34
242 13
+69 2
+1 4
cfi=(170) ./stdlib/./stdlib/cxa_atexit.c
cfn=(564) __cxa_atexit
calls=1 67 
* 70
+25 6
+6 2
-3 2
+10 2
cob=(3) ???
cfi=(156) ???
cfn=(578) 0x0000000004890790
calls=1 0 
* 7
+2 2
+8 4
cfi=(171) ./csu/../sysdeps/nptl/libc_start_call_main.h
cfn=(582) (below main)
calls=1 30 
* 11527051821
128 2
+6 3
+1 6
cob=(3)
cfi=(156)
cfn=(568) 0x0000000004001000
calls=1 0 
* 7
* 1
+3 1
+1 2
+3 3
+2 2
-1 7
+2 4
cob=(5) /home/joao/HPC/color_quantization_cedraz/build/color_quant
cfi=(168) ???
cfn=(572) 0x0000000000001340
calls=1 0 
* 12
-1 4

fl=(141) ./wcsmbs/../sysdeps/x86_64/multiarch/wcpncpy.c
fn=(450) wcpncpy
31 1
fi=(101) ./wcsmbs/../sysdeps/x86_64/multiarch/ifunc-wcs.h
+8 2
+1 4
+1 3
+4 2
+3 4
fe=(141)
-17 2

fl=(137) ./string/../sysdeps/x86_64/multiarch/memmove.c
fn=(440) memmove
29 1
fi=(103) ./string/../sysdeps/x86_64/multiarch/ifunc-memmove.h
+27 3
+1 2
+3 3
+14 2
+3 2
+8 2
+8 2
+3 5
fe=(137)

fl=(212) ./stdio-common/./stdio-common/printf_buffer_to_file.c
fn=(868) __printf_buffer_to_file_done
117 2
+1 6
-1 2
-64 4
+64 4
-66 8
+2 6
+69 2
-1 4
cfi=(231) ./stdio-common/./stdio-common/Xprintf_buffer_done.c
cfn=(882) __printf_buffer_done
calls=2 -96 
* 36
-56 6
cfn=(818) __printf_buffer_to_file_switch
calls=2 -36 
* 20
+1 4
-8 2
+1 2
fi=(230) ./stdio-common/../libio/libioP.h
1037 2
fe=(212)
58 4
+1 2
fi=(230)
1037 4
+1 6
fe=(212)
59 4
cfi=(184) ./libio/./libio/fileops.c
cfn=(872) _IO_file_xsputn@@GLIBC_2.2.5
calls=2 1259 
* 842
* 6

fn=(818)
29 4
+1 16
+4 2
+1 2
+9 2
-9 2
+10 2
-5 2
+1 2
-1 2
-5 2
+9 2
+1 2

fn=(816) __printf_buffer_to_file_init
108 2
+1 2
fi=(229) ./stdio-common/../include/printf_buffer.h
+18 2
fe=(212)
-18 2
fi=(229)
+28 2
-9 2
+9 2
-13 2
fe=(212)
-13 2
fi=(229)
+13 2
fe=(212)
-12 2
cfn=(818)
calls=2 -83 
* 22

fl=(233) ./stdio-common/./stdio-common/_fitoa_word.c
fn=(890) _itoa_word
24 2
+1 2
-1 2
+1 6
+4 4
+9 2
-9 6
+9 104
+9 4

fl=(223) ./nptl/./nptl/alloca_cutoff.c
fn=(852) __libc_alloca_cutoff
27 1
+1 9
+7 1

fl=(107) ./debug/../sysdeps/x86_64/multiarch/memset_chk.c
fn=(356) __memset_chk
29 1
fi=(108) ./debug/../sysdeps/x86_64/multiarch/ifunc-memset.h
+32 5
+3 3
+16 2
+4 4
+8 2
fe=(107)
-63 1
fi=(108)
+71 2
-48 1
+1 2
fe=(107)

fl=(166) ./libio/./libio/vtables.c
fn=(554) check_stdfiles_vtables
545 1
+1 4
+1 3
+1 3
+2 1

fl=(196) ./stdio-common/./stdio-common/vfscanf-internal.c
fn=(686) __vfscanf_internal
287 18
fi=(198) ./stdio-common/../include/scratch_buffer.h
77 3
fe=(196)
287 21
+10 15
+1 3
fi=(198)
77 3
fe=(196)
348 3
-50 3
+50 6
fi=(198)
78 3
fe=(196)
348 3
+6 9
+3 18
+4 3
+20 3
-20 3
+7 6
+6 3
+2 6
+5 3
-5 3
+5 3
-5 3
+5 9
cfi=(185) ./nptl/./nptl/libc-cleanup.c
cfn=(632) __libc_cleanup_push_defer
calls=3 24 
* 39
* 15
+9 3
fi=(221) ./stdio-common/../string/bits/string_fortified.h
59 3
fe=(196)
390 9
-97 3
-1 3
+10 3
-10 3
-1 3
+46 3
-1 3
-1 3
-1 3
-12 3
-30 12
428 12
+24 12
+1 12
+3 15
-66 24
3175 12
+3 27
+1 6
-1 12
+1 12
-1 18
+2 9
cfi=(183) ./libio/./libio/genops.c
cfn=(690) _IO_sputbackc
calls=3 662 
* 69
* 3
498 3
232 3
-1 3
+1 3
-1 3
498 6
231 6
498 6
354 6
+27 21
492 3
fi=(197) ./stdio-common/./stdio-common/printf-parse.h
55 18
fe=(196)
514 9
-62 3
+6 6
fi=(197)
55 3
fe=(196)
539 3
+3 30
669 6
+4 6
+1 24
3185 42
cfi=(185)
cfn=(634) __libc_cleanup_pop_restore
calls=3 54 
* 30
fi=(198)
85 9
fe=(196)
3189 6
+17 6
+6 36
678 9
+1 3
+6 39
+3 6
-3 3
+3 6
-3 9
3185 12
381 9
1036 15
689 3
+1 9
+4 9
-5 3
+1 3
-1 3
+1 3
cfi=(183)
cfn=(690)
calls=3 -28 
* 69
+4 30
1462 21
+5 3
-5 3
+5 9
+9 6
1835 6
+9 3
fi=(198)
113 18
fe=(196)
1844 6
fi=(198)
113 6
fe=(196)
1837 9
+5 75
269 11
1899 11
269 22
+3 11
1901 22
272 11
1901 11
272 11
1901 11
+2 77
-68 33
+2 22
+2 18
240 3
1906 6
215 3
1913 6
223 3
1914 6
+28 27
cfi=(183)
cfn=(690)
calls=3 662 
* 69
* 12
269 9
+3 9
1946 6
1764 6
1964 6
215 3
1764 6
1963 6
+1 3
cfi=(177)
cfn=(692) __strtol_internal
calls=3 107 
* 478
* 3
+6 9
+3 9
+6 6
+23 12
1844 15
1520 6
+3 6
+97 6
1835 3
1620 9
1835 6
1523 6
1981 6
1454 3
-1 6
1998 30
-15 6
+1 9

fl=(184)
fn=(740) _IO_file_close
1225 2
+3 4
cfi=(206)
cfn=(742)
calls=2 25 
* 12

fn=(972) _IO_file_sync@@GLIBC_2.2.5
827 6
+5 4
+2 2
+1 2
+5 2
+11 2
+4 3

fn=(628) _IO_new_file_init_internal
107 12
+5 2
-1 2
+3 2
cfi=(183)
cfn=(630) _IO_link_in
calls=2 -5 
* 202
+1 2
+1 6

fn=(672) _IO_file_read
1191 3
+3 3
-1 3
+1 6
cfi=(193)
cfn=(674)
calls=3 25 
* 87

fn=(638) _IO_file_open
216 22
+2 2
+1 4
-1 2
+4 2
cfi=(186) ./io/../sysdeps/unix/sysv/linux/open64.c
cfn=(640) open
calls=2 30 
* 94
* 2
+1 4
+3 4
+3 2
-4 2
+1 6
+3 2
-3 2
+3 2
+10 4
cfi=(183)
cfn=(630)
calls=2 109 
* 28
+2 2
-1 2
+1 8

fn=(736) _IO_file_close_it@@GLIBC_2.2.5
129 14
+2 6
+3 8
+1 4
+2 2
+14 2
+1 3
-22 1
+43 1
+2 1
-2 1
cfi=(183)
cfn=(738) _IO_unsave_markers
calls=1 977 
* 6
* 1
+2 1
-2 1
cfi=(183)
cfn=(738)
calls=1 977 
* 6
+3 6
fi=(204) ./libio/./libio/libioP.h
1037 6
+1 4
fe=(184)
176 4
cfn=(740)
calls=2 1225 
* 18
* 2
+3 6
+8 10
cfi=(183)
cfn=(668) _IO_setb
calls=2 355 
* 336
+1 2
+3 2
-3 6
+3 2
cfi=(183)
cfn=(732) _IO_un_link
calls=2 67 
* 8
+5 2
-4 2
+1 2
+3 2
-2 2
+3 14
-61 7
cfn=(878) _IO_do_write@@GLIBC_2.2.5
calls=1 458 
* 125
* 2
+16 4

fn=(878)
458 5
+2 15
+1 2
-3 6
fi=(204)
1037 3
fe=(184)
458 18
+10 6
+7 12
+8 3
fi=(204)
1037 6
+1 6
fe=(184)
483 15
cfn=(900) _IO_file_write@@GLIBC_2.2.5
calls=3 1234 
* 204
+1 3
-1 3
+1 9
+2 3
+4 6
-3 6
-1 6
+4 9
-30 6
+28 3
-28 6
+1 15
+28 9

fn=(872)
1259 18
+7 3
-7 6
+6 9
+7 3
+2 3
-2 12
+17 9
+1 2
+5 1
+2 2
-2 1
+2 2
cob=(3)
cfi=(156)
cfn=(714) 0x0000000004890420
calls=1 0 
* 417
+1 1
+1 2
-2 1
+1 1
+1 1
+2 2
+28 21
-68 2
+44 2
fi=(204)
1037 6
+1 4
fe=(184)
1305 1
fi=(204)
1037 3
+1 5
fe=(184)
1305 9
cfn=(876) _IO_file_overflow@@GLIBC_2.2.5
calls=3 766 
* 738
* 9
+6 6
+1 12
+2 3
-2 3
+2 6
+11 6
+1 15
cfi=(183)
cfn=(880) _IO_default_xsputn
calls=3 397 
* 191
+2 9
468 2
+7 4
+8 1
fi=(204)
1037 3
+1 3
fe=(184)
483 5
cfn=(900)
calls=1 1234 
* 68
+1 2
-1 1
+1 3
+2 1
+4 2
-3 2
-1 2
+4 3
-2 1
1318 2
-1 2
489 3

fn=(876)
766 4
+1 12
-1 20
+8 16
+37 2
-2 4
-32 4
+12 4
+9 6
+5 2
-1 2
+4 2
-3 4
+2 4
-5 2
+1 2
+4 2
+1 4
-7 2
+10 4
+13 4
-11 4
+11 4
-12 4
cfn=(878)
calls=4 458 
* 260
-4 4
-27 4
cfi=(183)
cfn=(660) _IO_doallocbuf
calls=2 369 
* 482
+1 4
+9 2
-9 10

fn=(658) _IO_file_underflow@@GLIBC_2.2.5
496 2
+4 6
+3 4
+6 6
-13 14
+16 4
+12 2
+9 2
+7 4
cfi=(183)
cfn=(670) _IO_switch_to_get_mode
calls=2 190 
* 44
+11 2
-5 2
fi=(204)
1037 2
fe=(184)
546 2
fi=(204)
1037 2
fe=(184)
546 2
+1 2
+2 2
-1 4
fi=(204)
1038 4
fe=(184)
551 8
cfn=(672)
calls=2 1191 
* 68
+2 4
+16 2
-9 2
+9 4
+2 4
+1 12
-57 3
+5 2
cfi=(183)
cfn=(660)
calls=1 369 
* 241
+4 4

fn=(664) _IO_file_stat
1207 3
+1 6
cfi=(192) ./io/../sysdeps/unix/sysv/linux/fstat64.c
cfn=(666) fstat
calls=3 30 
* 18

fn=(900)
1234 32
+2 16
-1 8
+6 4
cfi=(235) ./io/../sysdeps/unix/sysv/linux/write.c
cfn=(902) write
calls=4 25 
* 116
+1 8
+6 4
-1 4
+2 4
-13 8
+4 12
+1 8
+11 12
+3 24
-4 12

fn=(636) _IO_file_fopen@@GLIBC_2.2.5
247 24
+9 4
+2 12
+23 28
391 24
258 4
+23 14
+34 10
cfn=(638)
calls=2 -99 
* 196
* 2
+3 4
+3 6
cfi=(188) ./string/../string/strstr.c
cfn=(644) __GI_strstr
calls=2 77 
* 118
+1 4
-60 1
-1 1
-13 2
+33 12

fn=(712) _IO_file_xsgetn
1334 12
+7 2
+11 1
fi=(204)
1037 1
fe=(184)
1352 3
+2 6
+1 4
+8 4
+8 2
+9 6
+1 8
+18 2
+1 6
+3 1
-12 2
fi=(204)
1037 1
fe=(184)
1391 1
fi=(204)
1037 1
fe=(184)
1392 3
fi=(204)
1038 2
fe=(184)
1403 3
cfn=(672)
calls=1 1191 
* 34
+1 2
+12 1
-1 1
+1 2
-64 2
+2 2
+60 1
-60 1
+1 2
fi=(203) ./libio/../string/bits/string_fortified.h
29 3
cob=(3)
cfi=(156)
cfn=(724) 0x00000000048906a0
calls=1 -29 
* 13
fe=(184)
1358 1
-6 1
+69 1
-56 2
+1 1
-1 1
cob=(3)
cfi=(156)
cfn=(714)
calls=1 0 
* 417
+2 1
-2 1
+6 2
+12 2
cfi=(183)
cfn=(720) __underflow
calls=1 295 
* 144
* 2
+39 9

fn=(760) _IO_file_finish@@GLIBC_2.2.5
202 2
+1 4
+6 4
cfi=(183)
cfn=(762) _IO_default_finish
calls=2 628 
* 40

fn=(968) _IO_file_setbuf@@GLIBC_2.2.5
416 6
+1 1
cfi=(183)
cfn=(970) _IO_default_setbuf
calls=1 +61 
* 69
* 2
+3 1
+4 2
-2 3
+3 3

fl=(123) ./string/../sysdeps/x86_64/multiarch/strchrnul.c
fn=(396) strchrnul
31 1
fi=(88)
+7 3
+2 4
+1 2
+1 3
+4 4
+3 3
+3 5
fe=(123)

fl=(155)
fn=(504)
55 2
+1 1
-1 2
+1 1
-1 1
+1 4
cob=(3)
cfi=(156)
cfn=(506) 0x0000000004890710
calls=1 -56 
* 20
+2 4
cob=(3)
cfi=(156)
cfn=(506)
calls=1 -58 
* 19
+2 4
cob=(3)
cfi=(156)
cfn=(506)
calls=1 -60 
* 20
+2 6

fl=(106) ./string/../sysdeps/x86_64/multiarch/strchr.c
fn=(354) index
65 1
-23 2
+2 1
-1 4
+1 2
+4 4
+3 3
+3 3
+11 1

fl=(205) ./libio/./libio/iofclose.c
fn=(730) fclose@@GLIBC_2.2.5
34 16
+14 6
+9 2
fi=(204)
1037 6
+1 4
fe=(205)
57 6
cfi=(184)
cfn=(760)
calls=2 202 
* 50
+1 6
fi=(204)
963 8
+1 8
+6 4
cob=(3)
cfi=(156)
cfn=(744) 0x00000000048903d0
calls=2 0 
* 377
fe=(205)
76 14
-27 2
cfi=(183)
cfn=(732)
calls=2 +18 
* 208
+2 16
+1 4
fi=(204)
991 4
+1 20
fe=(205)
51 8
+1 2
-1 2
+20 4
-18 4
cfi=(184)
cfn=(736)
calls=2 +76 
* 632
* 2
fi=(204)
991 6
fe=(205)

fl=(226) ./stdlib/../sysdeps/x86_64/mul_1.S
fn=(860) __mpn_mul_1
31 12
+1 12
+3 12
+1 12
+1 12
+1 12
+1 12
+2 12
+1 12
+2 12
+1 12
+1 12
+1 12
+1 12
+2 12
+1 12
+1 12
+1 12
+69 12
+2 12
+3 12

fl=(237) ./stdlib/./stdlib/cxa_thread_atexit_impl.c
fn=(908) __call_tls_dtors
148 4
+1 1
-1 1
+1 3
+16 4

fl=(225) ./stdlib/./stdlib/divrem.c
fn=(858) __mpn_divrem
45 144
+3 24
233 108
61 12
+1 12
-16 12
+18 24
+7 72
fi=(247) ./stdlib/../sysdeps/x86/gmp-arch.h
-42 12
fe=(225)
+42 24
fi=(247)
-42 24
fe=(225)
+42 24
+4 24
+3 12
+2 12

fl=(231)
fn=(882)
25 2
+1 6
+5 4
+2 22
+7 2

fl=(236) ./stdlib/./stdlib/exit.c
fn=(906) __run_exit_handlers
45 12
+2 9
+3 2
+3 7
+11 1
+2 2
+8 3
+2 1
+1 1
-1 1
+3 7
+44 3
-49 3
+55 2
+1 2
+6 1
-66 1
+66 3
+2 2
+3 2
cfi=(245) ./posix/../sysdeps/unix/sysv/linux/_exit.c
cfn=(974) _Exit
calls=1 27 
* 3
-29 1
+1 1
-2 1
+3 1
+3 1
-3 2
+3 3
+1 3
cob=(1) /usr/lib/x86_64-linux-gnu/ld-linux-x86-64.so.2
cfi=(238) ./elf/./elf/dl-fini.c
cfn=(910) _dl_fini
calls=1 -92 
* 935
+1 4
-68 1
cfi=(237)
cfn=(908)
calls=1 +97 
* 13
* 1
+88 1
cfi=(183)
cfn=(962) _IO_cleanup
calls=1 882 
* 670
* 1

fn=(904) exit
147 2
+1 3
-1 1
+1 1
cfn=(906)
calls=1 45 
* 1707

fl=(100) ./wcsmbs/../sysdeps/x86_64/multiarch/wcsncpy.c
fn=(342) wcsncpy
31 1
fi=(101)
+8 2
+1 4
+1 3
+4 2
+3 4
fe=(100)
-17 2

fl=(202) ./string/../sysdeps/x86_64/multiarch/memmove-vec-unaligned-erms.S
fn=(716) __mempcpy_avx_unaligned_erms
242 3
+1 3
+1 3
+1 3
+17 3
+1 3
+2 3
+1 3
+1 3
+3 1
+1 1
+1 1
+3 2
386 2
+1 2
+5 2
+1 2
+24 2
+1 2
+4 2
+2 2
+4 2
+1 2
+11 2
+3 2
+2 2
+2 2
+4 2
+1 2
+9 2
+1 2
+2 2
+2 2
+1 2
+1 2
+3 2
+2 2
+2 2
+2 4
+6 2
+1 2
+1 2
+1 2
+1 2
+1 2
+1 2
+1 2
+1 2
+1 2
+1 2
+1 2
-11 60
+1 60
+1 60
+1 60
+1 60
+1 60
+1 60
+1 60
+1 60
+1 60
+1 60
+1 60
+2 2
+1 2
+1 2
+1 2
+2 2
+4 4

fn=(718) __memcpy_avx_unaligned_erms
255 11
+1 11
+6 11
+1 11
+2 1
+1 1
+1 1
+3 1
+1 1
+1 1
+3 2
+30 10
+1 10
+2 7
+1 7
+2 5
+4 5
+1 2
+1 2
+1 2
+1 2
+1 1
+1 1
+2 1
+2 1
-2 1
+2 1
+6 3
+1 3
+1 3
+1 3
+1 3
+7 3
+1 3
+1 3
+1 3
+2 3
+17 2
+1 2
+1 2
+1 2
+1 2

fl=(91) ./wcsmbs/../sysdeps/x86_64/multiarch/wcsnlen.c
fn=(318) wcsnlen
30 1
fi=(92) ./wcsmbs/../sysdeps/x86_64/multiarch/ifunc-wcslen.h
+10 1
+1 4
+1 3
+4 4
+3 3
+3 3
fe=(91)
-22 1

fl=(111) ./string/../sysdeps/x86_64/multiarch/stpncpy.c
fn=(378) strcasecmp
31 1
fi=(116)
+5 1
+1 4
fi=(117) ./string/../sysdeps/x86_64/multiarch/strcasecmp.c
-6 2
fi=(116)
+7 3
+4 4
+3 3
+3 4
fe=(111)

fn=(368) stpncpy
31 1
fi=(112) ./string/../sysdeps/x86_64/multiarch/ifunc-strncpy.h
+4 5
+1 3
+4 4
+3 3
+3 5
fe=(111)

fl=(220) ./stdlib/./stdlib/cmp.c
fn=(846) __mpn_cmp
31 1
+4 2
+2 1
+1 1
+1 2
+8 5

fl=(194) ./ctype/../include/ctype.h
fn=(678) __ctype_b_loc
42 1
+1 2
+1 1

fl=(199) ./misc/../sysdeps/unix/sysv/linux/mmap64.c
fn=(702) mmap
47 2
+3 4
-3 12
+6 4
+5 12
+2 8
-7 10

fl=(239) ./nptl/./nptl/pthread_mutex_lock.c
fn=(912) pthread_mutex_lock@@GLIBC_2.2.5
71 1
+3 1
+2 1
+2 3
-7 3
+10 1
+2 2
+75 1
+2 1
+3 1
-59 1
+62 2
-76 2
+5 2
-51 1
+1 7
+1 3
+64 3
+1 2

fl=(90) ./string/../sysdeps/x86_64/multiarch/strcmp.c
fn=(316) strcmp
79 1
-32 1
+1 1
+1 1
-1 3
+1 2
+4 4
+3 3
+3 3
+20 1

fl=(104) ./wcsmbs/../sysdeps/x86_64/multiarch/wcschr.c
fn=(350) wcschr
31 2
fi=(105) ./wcsmbs/../sysdeps/x86_64/multiarch/ifunc-avx2.h
+7 6
+2 8
+1 4
+1 6
+4 8
+3 6
+3 10
fe=(104)

fl=(113) ./wcsmbs/../sysdeps/x86_64/multiarch/wmemchr.c
fn=(372) wmemchr
31 2
fi=(114) ./wcsmbs/../sysdeps/x86_64/multiarch/ifunc-evex.h
+6 6
+1 8
+1 6
+4 4
+8 6
+3 8
fe=(113)
-23 2

fl=(187)
fn=(642)
74 45
-37 18
+1 18
+2 27
+39 18
+1 27

fl=(157)
fn=(508)
238 7
+3 6
+37 5

fl=(218) ./stdlib/../sysdeps/ieee754/dbl-64/dbl2mpn.c
fn=(842) __mpn_extract_double
33 1
+2 1
-2 1
+4 3
+1 5
+9 2
+9 1
-9 1
+9 2
+47 1
+4 1
-4 1
+4 1

fl=(142) ./string/../sysdeps/x86_64/multiarch/mempcpy.c
fn=(454) mempcpy
33 1
fi=(103)
+23 3
+1 2
+3 3
+14 2
+3 2
+8 2
+8 2
+3 5
fe=(142)

fl=(95) ./wcsmbs/../sysdeps/x86_64/multiarch/wcslen.c
fn=(326) wcslen
29 1
fi=(92)
+11 1
+1 4
+1 3
+4 4
+3 3
+3 3
fe=(95)
-23 1

fl=(110) ./wcsmbs/../sysdeps/x86_64/multiarch/wcscmp.c
fn=(364) wcscmp
30 1
fi=(105)
+8 3
+2 4
+1 2
+1 3
+4 4
+3 3
+3 5
fe=(110)

fl=(140) ./string/../sysdeps/x86_64/multiarch/strspn.c
fn=(448) strspn
29 1
fi=(248) ./string/../sysdeps/x86_64/multiarch/ifunc-sse4_2.h
+7 5
fe=(140)
-7 1

fl=(163) ./csu/./csu/init-first.c
fn=(546) _init_first
46 5
+5 2
+4 5
+8 1
-2 1
+10 1
-9 1
+1 1
+9 1
-1 1
cfi=(164) ./misc/./misc/init-misc.c
cfn=(548) __init_misc
calls=1 -41 
* 50

fl=(179) ./libio/./libio/iofopen.c
fn=(604) fopen@@GLIBC_2.2.5
85 14
-20 2
+20 4
-20 2
cob=(3)
cfi=(156)
cfn=(606) 0x00000000048903e0
calls=2 -65 
* 406
+2 6
+3 2
+2 4
-2 2
+2 10
cfi=(183)
cfn=(624) _IO_no_init
calls=2 589 
* 116
+1 2
+1 2
-1 2
+1 2
cfi=(184)
cfn=(628)
calls=2 +33 
* 228
+1 10
cfi=(184)
cfn=(636)
calls=2 247 
* 466
* 4
-38 4
+50 14

fl=(174)
fn=(588)
28 1
+2 2
-1 1
+5 2

fl=(115) ./string/../sysdeps/x86_64/multiarch/strncmp.c
fn=(376) strncmp
67 1
-24 1
+1 4
+23 2
-22 3
+4 4
+3 3
+3 4

fl=(185)
fn=(632)
24 9
+1 9
+2 18
+2 18
+3 18
+14 27
+2 9
+1 9

fn=(634)
54 9
+1 9
+2 18
+2 18
+1 27
+11 9

fl=(109) ./string/../sysdeps/x86_64/multiarch/strrchr.c
fn=(360) rindex
28 1
fi=(88)
+10 3
+2 4
+1 2
+1 3
+4 4
+3 3
+3 5
fe=(109)

fl=(167) ./libio/./libio/stdfiles.c
fn=(556) _IO_stdfiles_init
64 1
+3 3
-1 2
+3 1
-1 1
-1 3
+2 2
-1 2
-1 6
+3 1

fl=(171)
fn=(582)
30 6
+15 4
cfi=(172) ./setjmp/../sysdeps/x86_64/bsd-_setjmp.S
cfn=(584) _setjmp
calls=1 -17 
* 31
* 1
+2 2
+5 2
+1 2
+3 2
+3 5
cob=(5)
cfi=(175) /home/joao/HPC/color_quantization_cedraz/color_quant.c
cfn=(590) main
calls=1 355 
* 11527050050
+24 2
cfi=(236)
cfn=(904)
calls=1 +64 
* 1714

fl=(191) ./libio/./libio/filedoalloc.c
fn=(662) _IO_file_doallocate
68 18
+6 3
-6 9
+6 9
fi=(204)
1037 9
+1 6
fe=(191)
74 9
cfi=(184)
cfn=(664)
calls=3 1207 
* 27
* 6
+2 12
+11 12
+4 6
cob=(3)
cfi=(156)
cfn=(606)
calls=3 -91 
* 423
+1 6
+2 15
cfi=(183)
cfn=(668)
calls=3 355 
* 57
+1 3
+1 24

fl=(215) ./stdio-common/./stdio-common/printf_fp.c
fn=(856) hack_digit
91 9
-3 18
+5 3
+2 6
-2 6
+8 6
+21 12
cfi=(226)
cfn=(860)
calls=3 -91 
* 63
+1 9
+1 15
+4 18
-23 18
cfi=(225)
cfn=(858)
calls=3 -60 
* 135
+2 3
-2 3
+2 9
+3 3
-2 3
+2 3
+1 18
+11 3
+5 6

fn=(840) __printf_fp_buffer_1.isra.0
138 9
+21 1
-21 2
+21 1
-21 1
+21 2
-21 3
+21 1
+18 1
+10 1
-28 3
+62 2
+5 3
+4 7
1030 11
266 1
+5 1
-49 1
+44 4
+1 1
+1 2
+3 12
+1 1
-1 1
+1 2
-1 1
+1 1
-1 1
+1 9
+1 1
-1 1
+1 1
-1 1
+1 10
+6 1
-6 2
+7 2
+17 1
+4 4
-4 2
+16 3
+11 3
-30 3
+33 2
+41 1
+1 1
-1 1
+1 3
fi=(221)
29 1
cob=(3)
cfi=(156)
cfn=(724)
calls=1 -29 
* 13
fe=(215)
385 4
+11 36
-74 12
+72 12
-72 12
-4 12
+4 37
-4 1
+4 3
+15 1
-13 2
fi=(221)
29 2
fe=(215)
388 2
fi=(221)
29 1
cob=(3)
cfi=(156)
cfn=(724)
calls=1 -29 
* 13
fe=(215)
389 8
+1 3
+1 1
-1 1
+1 2
-1 1
+1 1
+5 3
+1 2
+6 2
+4 2
+4 1
-4 10
+4 6
+2 2
+39 1
-13 1
+13 1
-25 2
+15 2
+35 2
665 1
+9 2
+6 1
-15 1
+9 2
+6 1
-6 2
+2 2
+16 1
-6 2
+52 2
+8 2
fi=(224) ./stdio-common/../sysdeps/pthread/allocalim.h
27 1
fe=(215)
746 1
fi=(224)
27 1
cfi=(223)
cfn=(852)
calls=1 * 
* 11
+2 2
fe=(215)
759 2
-67 1
+67 11
fi=(224)
29 1
fe=(215)
759 3
+1 2
+3 2
+3 4
+7 5
+2 2
-4 1
+4 1
+14 2
-2 1
+1 3
+1 1
+1 2
-1 9
+1 20
91 9
792 9
+2 9
91 18
+2 9
+2 18
-2 18
+8 18
+4 54
cfi=(225)
cfn=(858)
calls=9 -60 
* 405
+2 9
+4 9
-6 9
+2 27
+1 9
+2 18
+1 36
+16 9
-5 27
cfi=(226)
cfn=(860)
calls=9 -91 
* 189
+1 18
+1 45
793 9
+1 18
+1 18
230 6
cfi=(218)
cfn=(842)
calls=1 33 
* 21
* 4
+4 1
805 4
+1 3
cfn=(856)
calls=1 91 
* 123
+2 2
-2 1
+2 5
fi=(227) ./stdio-common/../sysdeps/generic/get-rounding-mode.h
94 1
+1 7
fi=(228) ./stdio-common/../include/rounding-mode.h
-37 2
fe=(215)
935 2
+45 3
+3 2
+4 1
+9 1
-5 2
+5 1
-9 2
+19 2
fi=(229)
163 2
fe=(215)
1009 3
+13 4
cfi=(213) ./stdio-common/./stdio-common/Xprintf_buffer_write.c
cfn=(826) __printf_buffer_write
calls=1 27 
* 53
+2 2
+4 2
385 3
cfi=(220)
cfn=(846)
calls=1 31 
* 12
+3 1
-3 2
988 1
-1 2
+9 3
fi=(229)
163 2
fe=(215)
1001 2
fi=(228)
52 4
fe=(215)
830 2
+5 9
+5 9
+2 1
-2 1
+2 2
+2 1
+80 1
-80 1
+11 2
+80 1
-11 3
766 11
+3 2
cfn=(856)
calls=1 91 
* 123
* 2
cfn=(856)
calls=1 91 
* 123
* 2
-3 8
-78 1
+1 3
+12 1
-9 2
308 1
-2 1
+2 1
-2 1
+2 4
-3 2
cfi=(219) ./stdlib/../sysdeps/x86_64/lshift.S
cfn=(844) __mpn_lshift
calls=1 28 
* 16
+4 2
-4 1
+4 7
+1 2
+1 5
1003 2
439 3
+19 2
cfi=(222)
cfn=(850)
calls=1 28 
* 18
+3 3
-1 1
+1 3
cfi=(222)
cfn=(850)
calls=1 28 
* 18
+2 5
694 1
+2 2
+42 2
-44 7
994 4
+2 3
442 5
-3 2
834 2

fn=(832) __printf_fp_l_buffer
1099 12
+3 1
-3 3
+3 2
+13 3
cob=(3)
cfi=(156)
cfn=(836) 0x00000000048904f0
calls=1 0 
* 16
* 2
+1 5
+31 11
fi=(216) ./stdio-common/../include/../locale/localeinfo.h
330 2
fe=(215)
1111 1
fi=(216)
330 1
fe=(215)
1112 2
+5 2
+5 7
cfn=(840)
calls=1 138 
* 2203
+4 1

fl=(102) ./string/../sysdeps/x86_64/multiarch/memcpy.c
fn=(346) memcpy@@GLIBC_2.14
29 1
fi=(103)
+27 3
+1 2
+3 3
+14 2
+3 2
+8 2
+8 2
+3 5
fe=(102)

fl=(130) ./wcsmbs/../sysdeps/x86_64/multiarch/wcscat.c
fn=(416) wcscat
31 1
fi=(101)
+8 2
+1 4
+1 3
+4 2
+3 4
fe=(130)
-17 2

fl=(190) ./libio/./libio/getc.c
fn=(652) getc
34 3
+3 6
+1 15
+5 2
-5 1
cfi=(183)
cfn=(654) __uflow
calls=1 325 
* 414

fl=(170)
fn=(564)
67 7
-26 2
+2 8
+1 2
cfn=(566) __new_exitfn
calls=1 +36 
* 30
+2 2
+6 1
+5 1
-3 1
+1 1
-3 1
+4 1
-4 1
+1 1
+4 4
+1 1
+11 6

fn=(566)
80 1
+6 2
-6 4
+11 1
-10 1
+10 4
+2 4
-2 1
+10 1
-10 3
+45 1
+5 1
-4 1
+4 2
-18 1
-1 1
+12 1

fl=(119) ./wcsmbs/../sysdeps/x86_64/multiarch/wcscpy.c
fn=(386) wcscpy
60 1
-18 2
+1 4
+1 3
+3 3
+3 3
+10 1

fl=(89) ./string/../sysdeps/x86_64/multiarch/strpbrk.c
fn=(314) strpbrk
29 1
fi=(248)
+7 5
fe=(89)
-7 1

fl=(138) ./string/../sysdeps/x86_64/multiarch/memchr.c
fn=(444) memchr
29 1
fi=(139) ./string/../sysdeps/x86_64/multiarch/ifunc-evex.h
+8 3
+1 4
+1 3
+4 2
+8 3
+3 4
fe=(138)
-25 1

fl=(164)
fn=(548)
30 1
+1 5
-1 1
+3 1
-3 3
+3 3
cob=(3)
cfi=(156)
cfn=(550) 0x0000000004890650
calls=1 -33 
* 24
+4 1
+1 1
-1 5
+1 3
+2 2

fl=(183)
fn=(654)
325 1
+1 4
-1 5
+6 3
+3 1
199 1
334 2
+2 2
+6 2
+7 1
fi=(204)
1037 3
+1 2
fe=(183)
349 2
+1 2
-1 1
cfn=(656) _IO_default_uflow
calls=1 +38 
* 380
-2 2

fn=(690)
662 54
+3 54
+10 18
+3 27
-12 18
+2 18
+1 9
+5 9

fn=(710) _IO_sgetn
435 1
+2 1
fi=(204)
1037 3
+1 2
fe=(183)
437 1
cfi=(184)
cfn=(712)
calls=1 1334 
* 720

fn=(738)
977 2
+2 4
+5 4
+2 2

fn=(880)
397 33
+3 12
fi=(204)
1037 9
fe=(183)
415 4
+8 3
+2 6
-20 12
+2 3
+1 6
+2 6
+2 2
+1 1
-1 1
cob=(3)
cfi=(156)
cfn=(714)
calls=1 0 
* 16
* 1
+1 1
-12 3
+29 24
-11 18
+1 4
-1 10
+1 4
-1 4
+2 8

fn=(734) __GI__IO_un_link.part.0
66 2
+6 2
-6 14
+6 8
cfi=(185)
cfn=(632)
calls=2 -48 
* 26
+1 12
+2 2
-1 2
+1 14
+2 4
+4 2
+1 2
+1 2
+1 4
+1 2
+11 8
+2 22
+1 2
-1 2
+2 6
+1 4
cfi=(185)
cfn=(634)
calls=2 -47 
* 20
+3 16
-29 10
+25 6
-27 6

fn=(656)
387 2
fi=(204)
1037 1
fe=(183)
387 4
+1 1
fi=(204)
1037 2
+1 2
fe=(183)
388 2
cfi=(184)
cfn=(658)
calls=1 496 
* 357
+1 2
+2 4
+1 3

fn=(962)
882 11
+1 1
cfn=(964) _IO_flush_all
calls=1 713 
* 364
-73 2
+73 1
-73 3
cfi=(185)
cfn=(632)
calls=1 24 
* 13
+1 6
fi=(204)
1037 2
fe=(183)
832 9
+2 6
+20 3
+2 36
+1 3
-43 9
+4 3
+1 27
+8 6
+2 9
+7 4
+4 1
-2 1
+3 1
-1 1
-2 1
+2 1
+5 1
fi=(204)
1037 2
+1 2
fe=(183)
845 4
cfi=(184)
cfn=(968)
calls=1 416 
* 87
+2 3
+9 2
+5 2
+1 2
cfi=(185)
cfn=(634)
calls=1 54 
* 10
+33 11
-76 9
-8 1
+3 1
-3 1
+3 2
+47 6

fn=(660)
369 3
+1 6
+2 12
-3 3
fi=(204)
1037 3
fe=(183)
369 6
+4 3
fi=(204)
1037 6
+1 6
fe=(183)
373 9
cfi=(191)
cfn=(662)
calls=3 68 
* 654
* 6
+3 6

fn=(720)
295 1
+1 3
-1 5
+6 3
+3 1
199 1
304 2
+2 2
+6 2
+7 1
fi=(204)
1037 3
+1 2
fe=(183)
319 2
+1 2
-1 1
cfi=(184)
cfn=(658)
calls=1 496 
* 109
-23 2
+21 2

fn=(732)
67 4
+1 8
+36 4
cfn=(734)
calls=2 -38 
* 200

fn=(630)
109 16
+1 20
+24 20
-22 2
+2 2
-2 4
+2 12
cfi=(185)
cfn=(632)
calls=2 -90 
* 26
+1 18
+4 2
+3 4
-3 2
+4 4
+1 4
+2 2
+2 20
+1 2
+1 2
-2 2
+2 10
+1 4
cfi=(185)
cfn=(634)
calls=2 -77 
* 20
+3 2
-19 4
+1 2
+1 18
+11 4
-11 2

fn=(624)
589 22
+1 2
cfn=(626) _IO_old_init
calls=2 -33 
* 52
+1 2
+1 4
+2 2
+4 2
+7 2
+2 2
-9 10
+15 2
+1 2
+1 12

fn=(964)
713 5
+5 1
-5 6
+5 4
cfi=(185)
cfn=(632)
calls=1 24 
* 13
+1 6
-5 1
fi=(204)
1037 2
fe=(183)
742 39
+1 3
-21 9
+2 3
+1 27
+2 18
+7 6
+1 12
-3 1
fi=(204)
1037 2
+1 2
fe=(183)
732 3
cfi=(184)
cfn=(876)
calls=1 +34 
* 146
+2 1
-1 3
+1 2
+1 3
+12 2
+1 2
cfi=(185)
cfn=(634)
calls=1 54 
* 10
+4 11
-27 9
-6 1
+3 1
-8 1
+5 1
+3 2
+25 6

fn=(970)
478 2
fi=(204)
1037 1
fe=(183)
478 8
+1 1
fi=(204)
1037 2
+1 2
fe=(183)
479 2
cfi=(184)
cfn=(972)
calls=1 827 
* 21
* 2
+4 1
356 1
488 1
-7 2
358 1
492 1
363 1
-4 1
+4 1
493 1
-1 3
+2 6
-11 1
+1 2
-1 1
356 4

fn=(626)
557 2
+3 4
+5 4
-7 2
+12 2
-10 2
-2 2
+2 2
+16 2
-11 2
-5 2
+16 4
+5 2
-16 10
+16 4
+1 4
+2 2

fn=(668)
355 25
+1 24
+3 5
+2 20
-3 5
+3 10
+3 18
-7 2
cob=(3)
cfi=(156)
cfn=(744)
calls=2 0 
* 272
+4 12

fn=(762)
628 12
+2 6
+6 6
+3 6
68 4
651 6

fn=(670)
190 8
+1 6
+3 6
+4 4
+1 4
+7 2
-4 2
+4 2
-2 4
+3 2
+1 4

fl=(200) ./misc/../sysdeps/unix/sysv/linux/setvmaname.c
fn=(704) __set_vma_name
60 8
-26 15
+36 11
-33 6
cob=(3)
cfi=(156)
cfn=(506)
calls=1 -37 
* 20
* 6
+5 1
+1 1

fl=(93) ./string/../sysdeps/x86_64/multiarch/memset.c
fn=(322) memset
29 1
fi=(94) ./string/../sysdeps/x86_64/multiarch/ifunc-memset.h
+32 5
+3 3
+16 2
+4 4
+8 2
fe=(93)
-63 1
fi=(94)
+71 2
-48 1
+1 2
fe=(93)

fl=(159) ./malloc/./malloc/malloc.c
fn=(778) calloc
3739 1
+3 4
1269 2
+19 1
3751 1
1288 3
3751 2
+29 2
cfn=(780) __libc_calloc2
calls=1 3645 
* 273

fn=(608) malloc
3283 7
1269 14
+19 7
3287 7
1288 21
3287 14
+2 6
+2 4
+2 12
3030 2
+4 4
+4 1
+1 1
3294 1
+12 6
cfn=(610) __libc_malloc2
calls=6 -59 
* 1159

fn=(610)
3247 42
+4 14
+28 35
-26 21
cfn=(612) _int_malloc
calls=7 3790 
* 1138
+1 35
fi=(158)
151 12
fe=(159)

fn=(752) _int_free_merge_chunk
4407 24
+7 15
-6 3
+9 9
+5 9
+4 6
-1 6
+1 6
1895 9
4433 6
+25 6
-12 3
-1 6
+1 18
-1 3
cfn=(754) _int_free_maybe_trim
calls=3 +83 
* 120
+70 3
+1 9
+1 6
4417 15

fn=(754)
4528 33
+3 6
+2 12
+3 17
+14 22
-13 4
+13 7
-13 1
cfn=(756) systrim.constprop.0
calls=1 2743 
* 18

fn=(764) tcache_free_init
3312 1
2941 1
3312 2
2941 1
3312 2
2941 1
3210 2
+8 2
cfn=(610)
calls=1 +29 
* 138
* 3
+2 2
fi=(207) ./malloc/../string/bits/string_fortified.h
59 104
fe=(159)
3228 2
+1 13
+85 1
+1 3
-1 1
cfn=(747) free'2
calls=1 +5 
* 33

fn=(612)
3790 64
+32 16
1288 48
3831 16
+16 16
+54 30
+18 8
-1 8
+12 16
-11 16
-1 24
+12 16
-80 2
+2 2
-2 2
+2 4
4340 72
3901 68
-52 12
4124 8
-2 16
+2 12
+3 6
-3 6
+3 12
+68 8
+1 8
+1 8
-1 8
+1 8
+1 16
+1 24
+5 32
+4 24
+3 8
-3 6
+3 8
-3 6
+3 4
-3 2
4308 16
+1 24
+2 16
+3 32
+5 5
-2 5
+2 10
-2 5
+7 5
-8 5
+3 5
+2 5
-3 5
+1 20
+2 5
1888 15
2324 3
+12 3
-12 6
+12 3
+1 6
+3 8
+8 14
cfn=(700) sysmalloc_mmap
calls=2 2244 
* 240
* 2
+1 4
4336 9
cfn=(620) alloc_perturb
calls=3 1887 
* 15
* 3
2325 1
+36 4
+1 1
-1 1
+1 1
+9 4
+9 4
2698 3
+1 1
+4 1
+1 2
+3 2
+5 2
-2 1
+2 1
-3 1
+2 1
+4 1
-3 1
+1 1
-1 3
+1 1
4335 1
2441 2
+8 2
+1 1
+10 2
+7 4
+8 2
+57 4
+40 1
-12 1
+12 2
+19 1
+4 1
-1 2
+1 6
+2 2
+1 4
cfi=(180) ./malloc/./malloc/morecore.c
cfn=(614) __glibc_morecore
calls=1 25 
* 26
+12 3
-12 1
+12 1
1912 2
2650 1
+3 1
-1 1
+1 4
+12 1
-11 1
+11 2
2477 4
cfi=(180)
cfn=(614)
calls=1 25 
* 62
+1 3
-1 1
+1 1
1912 2
2480 1
+3 2
+38 3
+2 2
+6 1
-6 1
+6 3
-7 2
1921 2

fn=(756)
2743 3
+2 1
+1 2
+4 1
+1 1
-1 2
+3 4
+2 2
-8 1
+48 1

fn=(806) munmap_chunk
2799 2
+3 2
-3 2
+3 4
1426 2
+7 2
+7 2
2804 2
1426 2
+7 2
+7 2
2800 2
1440 2
2812 8
+1 2
-1 2
+1 8
+3 2
+1 6
+6 2
-1 4
cfi=(209) ./misc/../sysdeps/unix/syscall-template.S
cfn=(808) munmap
calls=2 117 
* 12

fn=(620)
1887 3
+1 9
+2 3

fn=(700)
2244 2
+4 8
-4 6
+4 2
-4 2
+2 4
+2 2
-4 2
+2 2
+2 2
-4 2
+4 2
cfi=(199)
cfn=(702)
calls=2 47 
* 52
* 2
+3 4
+2 4
1448 2
+1 2
2261 2
1449 4
2261 6
+1 10
+3 6
+1 10
+4 2
+1 14
1912 4
2256 8
cfi=(200)
cfn=(704)
calls=2 60 
* 68
1448 4

fn=(750) _int_free_chunk
4351 20
+8 5
-3 5
+3 5
-3 10
+6 6
+6 3
cfn=(752)
calls=3 +39 
* 282
+5 6
+27 9
-14 6
+10 4
cfn=(806)
calls=2 2799 
* 74
-23 4
+27 6
-12 8
+2 1
+1 1
-1 1
+1 1
+1 2

fn=(780)
3645 8
+7 2
+10 1
+1 3
+21 3
cfn=(612)
calls=1 3790 
* 236
* 1
+2 6
+3 2
+30 3
+16 8

fn=(788) realloc
3380 2
+7 2
+1 2
cfn=(608)
calls=1 3283 
* 139

fn=(746) free
3319 7
+3 14
+15 14
-4 21
+8 21
+6 6
+6 2
-3 4
+3 2
-3 2
+1 4
+2 6
3007 1
+8 1
-12 1
+4 3
+1 1
+7 1
3354 1
+10 3
-34 5
+40 10
fi=(158)
151 15
fe=(159)
3374 15
cfn=(750)
calls=5 4351 
* 459
-9 1
cfn=(764)
calls=1 -53 
* 312

fn=(747)
3319 1
+3 2
+15 2
-4 3
+8 3
+6 3
+6 1
-3 2
+3 1
-3 1
+1 2
+2 3
3007 1
+8 1
-12 1
+4 3
+1 1
+7 1
3354 1

fl=(132) ./string/../sysdeps/x86_64/multiarch/strncpy.c
fn=(424) strncpy
29 1
fi=(112)
+6 5
+1 3
+4 4
+3 3
+3 5
fe=(132)

fl=(133) ./wcsmbs/../sysdeps/x86_64/multiarch/wmemcmp.c
fn=(428) wmemcmp
29 1
fi=(134) ./wcsmbs/../sysdeps/x86_64/multiarch/ifunc-memcmp.h
+5 7
fe=(133)
-5 2
fi=(134)
+6 2
+2 3
+4 2
+3 3
+3 5
fe=(133)

fl=(160) ???
fn=(514) __popcountdi2
0 21

fl=(178) ./stdlib/../stdlib/strtol_l.c
fn=(598) ____strtol_l_internal
238 12
+19 4
-19 28
+54 4
-54 4
+26 8
+31 24
546 32
304 8
-3 4
+3 24
+2 8
+5 8
-1 4
+6 8
+4 8
+15 8
+10 16
-87 8
395 4
+56 20
+26 4
+1 4
-84 4
-1 4
+96 8
-5 24
+5 12
+1 36
-41 24
+2 40
+2 36
+28 36
+3 24
+11 8
+5 12
+1 3
+5 8
+3 16
-2 8
342 8

fl=(235)
fn=(902)
25 8
+1 16
-1 4
+1 12
cfi=(187)
cfn=(642)
calls=4 +48 
* 68
+1 8

fl=(96) ./debug/../sysdeps/x86_64/multiarch/mempcpy_chk.c
fn=(330) __mempcpy_chk
29 1
fi=(97) ./debug/../sysdeps/x86_64/multiarch/ifunc-memmove.h
+27 3
+1 2
+3 3
+14 2
+3 2
+8 2
+8 2
+3 5
fe=(96)

fl=(124) ./string/../sysdeps/x86_64/multiarch/memcmp.c
fn=(400) bcmp
29 1
fi=(125) ./string/../sysdeps/x86_64/multiarch/ifunc-memcmp.h
+5 7
fe=(124)
-5 2
fi=(125)
+6 2
+2 3
+4 2
+3 3
+3 5
fe=(124)

fl=(172)
fn=(584)
28 1
+2 1
+2 1
cfi=(173)
cfn=(586)
calls=1 -1 
* 28

fl=(180)
fn=(614)
25 2
+1 4
-1 4
+4 2
cfi=(181) ./misc/./misc/sbrk.c
cfn=(616) sbrk
calls=2 +8 
* 68
+1 4
+4 4

fl=(188)
fn=(644)
77 18
+5 2
-5 8
+5 4
+2 8
cob=(3)
cfi=(156)
cfn=(646) 0x0000000004890670
calls=2 -84 
* 46
* 2
+1 4
-40 2
161 24

fl=(209)
fn=(808)
117 10
+5 2

fl=(240) ./nptl/./nptl/pthread_mutex_unlock.c
fn=(914) pthread_mutex_unlock@@GLIBC_2.2.5
357 1
51 1
+1 2
357 3
55 2
+8 1
-3 1
-21 1
+1 4
+1 1
+27 1
+2 1
359 2
72 2
+3 3
+3 2

fl=(158)
fn=(510)
251 2
fi=(249) ./malloc/../sysdeps/unix/sysv/linux/not-cancel.h
96 3
fe=(158)
251 4
fi=(249)
96 4
fi=(159)
2960 2
+14 1
+2 2
-1 1
cfi=(160)
cfn=(514)
calls=1 0 
* 21
+1 3
fe=(158)
275 2
+13 4
fi=(159)
1853 4
+3 1
-3 1
+3 2
-3 2
+3 126
-3 126
+3 252
-3 252
+11 1
fe=(158)
292 3
fi=(159)
1864 1
fe=(158)
292 1
cob=(3)
cfi=(156)
cfn=(506)
calls=1 0 
* 19
+1 4
cob=(3)
cfi=(156)
cfn=(506)
calls=1 0 
* 20
+1 4
cob=(3)
cfi=(156)
cfn=(506)
calls=1 0 
* 19
+1 4
cob=(3)
cfi=(156)
cfn=(506)
calls=1 0 
* 19
+1 4
cob=(3)
cfi=(156)
cfn=(506)
calls=1 0 
* 20
+1 4
cob=(3)
cfi=(156)
cfn=(506)
calls=1 0 
* 19
+1 4
cob=(3)
cfi=(156)
cfn=(506)
calls=1 0 
* 19
+2 4
cob=(3)
cfi=(156)
cfn=(506)
calls=1 0 
* 19
+1 4
cob=(3)
cfi=(156)
cfn=(506)
calls=1 0 
* 19
+1 4
cob=(3)
cfi=(156)
cfn=(506)
calls=1 0 
* 19
+3 4
cob=(3)
cfi=(156)
cfn=(506)
calls=1 0 
* 19
+2 4
+10 8
fi=(159)
2974 2
fe=(158)

fl=(208) ./time/../sysdeps/unix/sysv/linux/clock_gettime.c
fn=(770) clock_gettime@@GLIBC_2.17
30 2
+8 4
+2 4
+28 4
+1 4
-25 4

fl=(213)
fn=(826)
27 8
+1 24
-1 56
+4 32
+2 16
+3 8
fi=(221)
-7 8
fe=(213)
+8 16
fi=(221)
-8 8
fe=(213)
+12 8
fi=(221)
-12 8
cob=(3)
cfi=(156)
cfn=(724)
calls=8 -29 
* 133
fe=(213)
+11 24
-9 16
+2 24
+11 48

fl=(131) ./string/../sysdeps/x86_64/multiarch/strlen.c
fn=(420) strlen
29 1
fi=(88)
+9 3
+2 4
+1 2
+1 3
+4 4
+3 3
+3 5
fe=(131)

fl=(232) ./stdio-common/./stdio-common/fprintf.c
fn=(888) fprintf
27 13
+4 1
+1 2
-1 5
+1 1
cfi=(211) ./stdio-common/./stdio-common/vfprintf-internal.c
cfn=(814) __vfprintf_internal
calls=1 1526 
* 1389
+4 5

fl=(182) ./misc/../sysdeps/unix/sysv/linux/brk.c
fn=(618) brk
36 2
fi=(250) ./misc/../sysdeps/unix/sysv/linux/brk_call.h
-12 4
fe=(182)
+13 4
+1 4
+6 2
+1 2

fl=(192)
fn=(666)
30 3
+9 12
+33 3

fl=(195) ./stdio-common/./stdio-common/isoc23_fscanf.c
fn=(684) __isoc23_fscanf
25 39
+4 3
+1 6
-1 15
+1 3
cfi=(196)
cfn=(686)
calls=3 287 
* 2309
+5 15

fl=(211)
fn=(814)
1526 24
+3 2
-3 6
+3 6
+4 10
+11 4
+27 22
-24 6
cfi=(212)
cfn=(816)
calls=2 108 
* 44
+1 10
cfn=(820) __printf_buffer
calls=2 601 
* 3451
+1 4
cfi=(212)
cfn=(868)
calls=2 117 
* 978
* 2

fn=(820)
601 20
fi=(197)
82 2
fe=(211)
601 4
fi=(197)
82 2
fe=(211)
601 4
+27 6
+9 2
-9 2
+9 2
-9 2
+9 4
fi=(197)
82 2
cob=(3)
cfi=(156)
cfn=(822) 0x0000000004890580
calls=2 -82 
* 51
fe=(211)
653 2
-1 2
+1 2
fi=(197)
82 4
fe=(211)
653 2
-1 2
cfi=(213)
cfn=(826)
calls=2 27 
* 110
+2 6
+4 4
+4 14
-32 2
+11 2
-8 2
+29 4
+42 12
1043 22
704 6
-7 3
-8 3
+15 6
-12 3
-1 3
+13 3
-6 3
+6 3
-14 3
+14 3
-10 3
+10 3
-11 3
-7 3
-1 3
+19 3
-20 3
-1 3
+21 3
-22 8
973 2
+2 3
-2 1
+2 1
-2 1
+2 28
+20 12
+1 1
263 1
+1 1
996 1
743 1
264 2
743 1
263 2
1023 3
fi=(197)
82 3
fe=(211)
1017 3
fi=(197)
82 6
cob=(3)
cfi=(156)
cfn=(822)
calls=3 -82 
* 63
fe=(211)
1027 6
+1 3
fi=(197)
82 3
fe=(211)
1028 3
-1 3
cfi=(213)
cfn=(826)
calls=3 27 
* 164
+3 9
fi=(214) ./stdio-common/./stdio-common/vfprintf-process-arg.c
352 1
fe=(211)
813 1
-1 1
+1 2
+26 3
+15 14
fi=(214)
136 4
+19 22
cfi=(233)
cfn=(890)
calls=2 24 
* 132
+9 2
-3 2
-6 2
+6 2
+3 2
+6 4
-9 2
+3 2
-3 2
+2 2
+7 2
-9 6
+36 6
-42 2
+15 2
-32 2
+32 2
-15 2
+15 4
+66 4
+1 2
fe=(211)
783 4
fi=(214)
48 4
187 4
-1 4
+1 8
+53 8
cfi=(213)
cfn=(826)
calls=2 27 
* 110
* 2
-45 4
-21 2
+21 2
-34 2
+34 4
+4 6
+2 6
+7 12
fe=(211)
+58 1
cfi=(215)
cfn=(832)
calls=1 1099 
* 2274
1000 1
fi=(214)
230 2
-19 4
fi=(229)
-48 8
fi=(214)
50 4
+2 4
+1 16
-18 2
+22 2
+1 2
-1 2
+1 4
-1 2
+3 2
fi=(197)
-5 7
fe=(211)

fl=(118) ./string/../sysdeps/x86_64/multiarch/strcspn.c
fn=(384) strcspn
29 1
fi=(248)
+7 5
fe=(118)
-7 1

fl=(152)
fn=(498)
37 1
+2 7
+2 4
+2 1
-1 1
+1 1
-1 1
+2 1

fl=(177)
fn=(596)
125 1
+1 5
cfi=(178)
cfn=(598)
calls=1 238 
* 100

fn=(692)
107 3
+1 12
cfi=(178)
cfn=(598)
calls=3 238 
* 463

fl=(219)
fn=(844)
28 1
+1 1
+1 1
+2 1
+1 1
+1 1
+12 1
+1 1
+1 1
+1 1
+1 1
+1 1
+1 1
+6 1
+1 1
+1 1

fl=(85) ./string/../sysdeps/x86/cacheinfo.c
fn=(306) __x86_cacheinfo
86 1
fi=(86) ./string/../sysdeps/x86/cacheinfo.h
-24 1
+3 3
+2 1
+1 1
-1 2
+7 3
+2 1
+1 1
-1 2
+5 2
+3 2
+2 2
+1 2
+1 2
+2 2
fe=(85)
-4 2

fl=(186)
fn=(640)
30 18
+3 9
+8 16
cfi=(187)
cfn=(642)
calls=2 +33 
* 34
+2 10
-7 2
+5 1
-5 3
+2 1

fl=(135) ./debug/../sysdeps/x86_64/multiarch/memmove_chk.c
fn=(432) __memmove_chk
29 1
fi=(97)
+27 3
+1 2
+3 3
+14 2
+3 2
+8 2
+8 2
+3 5
fe=(135)

fl=(98) ./debug/../sysdeps/x86_64/multiarch/memcpy_chk.c
fn=(334) __memcpy_chk
29 1
fi=(97)
+27 3
+1 2
+3 3
+14 2
+3 2
+8 2
+8 2
+3 5
fe=(98)

fl=(126) ./wcsmbs/../sysdeps/x86_64/multiarch/wmemset.c
fn=(404) wmemset
31 2
fi=(127) ./wcsmbs/../sysdeps/x86_64/multiarch/ifunc-wmemset.h
+5 10
+1 6
+3 4
+8 6
+3 8
fe=(126)
-20 2

fl=(143) ./string/../sysdeps/x86_64/multiarch/strncase.c
fn=(458) strncasecmp
31 1
fi=(116)
+5 1
+1 4
fe=(143)
-6 2
fi=(116)
+7 3
+4 4
+3 3
+3 4
fe=(143)

fl=(201) ./libio/./libio/iofread.c
fn=(708) fread
31 6
+1 1
-1 1
+1 1
-1 1
+4 6
+2 9
+1 3
cfi=(183)
cfn=(710)
calls=1 435 
* 728
fi=(204)
991 2
+1 11
fe=(201)
40 2
+1 1
-1 1
+1 7
-4 3

fl=(181)
fn=(616)
37 10
+6 4
+35 3
-38 4
+18 4
+4 4
+4 1
+1 1
-1 3
+8 1
cfi=(182)
cfn=(618)
calls=1 -38 
* 9
* 3
+4 4
-19 2
cfi=(182)
cfn=(618)
calls=1 -23 
* 9
* 2
+4 4

fl=(234) ./libio/./libio/iofwrite.c
fn=(896) fwrite
31 8
+1 2
-1 1
+4 5
+2 9
+1 3
fi=(204)
1037 1
fe=(234)
44 1
-1 3
fi=(204)
1037 2
+1 3
fe=(234)
44 5
cfi=(184)
cfn=(872)
calls=1 1259 
* 815
fi=(204)
991 1
fe=(234)
45 3
fi=(204)
991 1
fe=(234)
45 2
fi=(204)
991 3
fe=(234)
38 2
fi=(204)
992 4
fe=(234)
74 2
+4 1
-3 1
+3 7
fi=(204)
992 6
fe=(234)
37 3

fl=(245)
fn=(974)
27 3

fl=(165) ./string/../sysdeps/x86_64/multiarch/strrchr-avx2.S
fn=(552) __strrchr_avx2
53 1
+1 1
+1 1
+2 1
+1 1
+4 1
+1 1
+1 1
+3 1
+2 1
+1 1
+1 1
+1 1
+3 1
+1 1
+2 1
+1 1
+1 1
+1 1
+1 1
+9 2

fl=(210) ./stdio-common/./stdio-common/printf.c
fn=(812) printf
28 23
+4 1
+1 2
-1 1
+1 1
-1 2
+1 1
-1 2
+1 2
cfi=(211)
cfn=(814)
calls=1 1526 
* 3180
+4 5

fl=(87) ./string/../sysdeps/x86_64/multiarch/strnlen.c
fn=(310) strnlen
31 2
fi=(88)
+7 6
+2 8
+1 4
+1 6
+4 8
+3 6
+3 10
fe=(87)

fl=(120) ./string/../sysdeps/x86_64/multiarch/strcat.c
fn=(388) strcat
29 1
fi=(121)
+9 2
+1 1
-1 2
+1 2
+4 4
+3 3
+3 3
fe=(120)
-20 1

fl=(153)
fn=(500)
38 2
+1 7
+1 1

ob=(1)
fl=(7) ./elf/./elf/dl-minimal.c
fn=(486) lookup_malloc_symbol
61 8
+3 4
-3 12
+3 4
-3 4
+3 20
-1 4
+1 4
cfi=(82) ./elf/./elf/dl-lookup.c
cfn=(294) _dl_lookup_symbol_x
calls=4 767 
* 2266
+4 32
+1 24
+2 4
fi=(149) ./elf/./dl-sym-post.h
-30 8
+12 12
fe=(7)
+19 12

fn=(484) __rtld_malloc_init_real
76 2
+10 1
+5 1
-15 3
+15 1
-15 5
+10 1
+2 1
+1 1
+2 1
cfn=(486)
calls=1 -30 
* 574
+1 3
-1 1
+1 1
cfn=(486)
calls=1 -31 
* 611
+1 3
-1 1
+1 1
cfn=(486)
calls=1 -32 
* 607
+1 3
-1 1
+1 1
cfn=(486)
calls=1 -33 
* 626
+5 1
+1 1
+1 1
+1 1
+1 8

fn=(12) __rtld_malloc_init_stubs
42 1
+1 2
+1 2
+1 2
+1 2
+1 1

fn=(136) strsep
239 2
+3 6
+2 2
+1 4
+4 3
-2 3
+4 28
+5 84
-2 56
+13 1
+4 4
-22 14
+15 14
-15 30

fl=(11) ./elf/./elf/dl-tunables.c
fn=(22) __GI___tunables_init
294 1
+6 3
-6 1
+10 2
-10 3
-39 1
+39 1
+10 1
-10 2
+10 1
-10 3
+10 28
+2 1
43 540
+6 107
-3 107
+3 11167
+4 214
+4 107
fi=(12) ./elf/./elf/dl-tunables.h
161 246
fe=(11)
+27 107
319 428
+1 107
+2 321
-3 3424
+1 856
+2 2568
-5 2996
fi=(12)
160 1036
+1 4144
-1 365
fe=(11)
337 6
+6 27
-3 27
+12 8

fn=(28) __tunable_get_val
435 34
+3 68
-3 34
+3 170
+9 31
-9 62
+19 21
+7 102
+2 34
-19 13
+1 13
+9 6

fn=(58) __GI___tunable_set_val
162 6
-89 6
+89 18
-89 48
+21 6
-11 6
+12 6
-1 18
+1 24
+4 12
+2 12
+4 6
-4 12
+11 12
+1 12
+3 12
+1 6
+1 6
+1 6
+47 6

fl=(72) ./io/../sysdeps/unix/sysv/linux/pread64_nocancel.c
fn=(238) __pread64_nocancel
25 4
+1 8
+1 2

fl=(44) ./string/../sysdeps/x86_64/multiarch/../multiarch/memcmp-sse2.S
fn=(126) bcmp
59 1
+12 1
+1 1
+22 1
+1 1
+45 1
+1 1
+2 1
+1 1
+2 1
+1 1
+2 1
+1 1
+47 1
+1 1
+1 1
+1 1
+1 1
+1 1

fl=(69) ./io/../sysdeps/unix/sysv/linux/fstatat64.c
fn=(228) fstatat
146 6
-55 6
+70 7
+1 1
-2 4
+1 4

fl=(146) ./elf/./dl-find_object.h
fn=(472) _dl_find_object_from_map
105 4
+10 4
+1 4
-11 4
+1 8
+1 4
+8 4
+1 4
+5 16
+1 8
-19 8
+21 96
-2 156
+2 156
+3 4
+5 4
-5 8
+16 8
+5 4
+1 4

fl=(66) ./io/../sysdeps/unix/sysv/linux/access.c
fn=(216) access
25 1
+2 7
+4 1

fl=(2) ./elf/./elf/rtld.c
fn=(2) _dl_start
519 10
84 1
fi=(6) ./elf/../sysdeps/x86_64/dl-machine.h
-29 1
fe=(2)
549 1
-4 1
fi=(6)
55 1
fe=(2)
+29 3
548 2
fi=(3) ./elf/./get-dynamic-info.h
45 4
+23 20
-23 72
+4 36
+3 5
-1 10
+3 20
+1 16
+1 5
fi=(4) ./elf/../sysdeps/generic/ldsodefs.h
+23 1
fi=(3)
+31 1
-38 3
+12 4
+1 3
+1 4
+1 4
+1 5
+1 3
+1 4
+1 4
+12 7
+7 2
+13 3
+6 3
+1 3
+3 2
+1 3
+5 5
+3 5
fe=(2)
565 140
fi=(3)
59 4
fe=(2)
565 12
fi=(4)
79 1
fe=(2)
565 1
fi=(4)
79 2
fe=(2)
565 27
fi=(5) ./elf/./elf/do-rel.h
49 1
+4 1
-4 1
-1 1
+1 1
+4 4
+3 2
fe=(2)
565 1
fi=(5)
49 1
+4 1
-4 1
-1 1
+1 1
+4 4
+3 2
-6 8
+11 5
+2 1
fi=(6)
273 3
fi=(5)
63 1
+2 1
-1 2
fi=(6)
282 10
+4 2
+26 4
fi=(5)
61 3
fe=(2)
565 8
fi=(5)
51 1
fi=(4)
+28 2
fe=(2)
567 1
454 1
cfi=(7)
cfn=(12)
calls=1 42 
* 10
+4 5
84 1
476 1
84 3
476 1
cfi=(8) ./elf/./elf/dl-setup_hash.c
cfn=(14) _dl_setup_hash
calls=1 25 
* 27
+1 1
+4 1
+9 1
-13 1
+19 1
-17 1
+2 1
+15 2
cfi=(9) ./elf/../sysdeps/unix/sysv/linux/dl-sysdep.c
cfn=(16) _dl_sysdep_start
calls=1 102 
* 155652
* 1
+2 2
+87 9
fi=(3)
62 4
+2 4
+39 3
fe=(2)

fn=(262) init_tls
734 1
+6 1
-6 3
+2 2
+4 1
fi=(28) ./elf/../include/rtld-malloc.h
44 1
fe=(2)
751 1
fi=(28)
44 1
fe=(2)
746 1
+4 1
fi=(28)
44 1
cfi=(27) ./elf/./elf/dl-minimal-malloc.c
cfn=(72) __minimal_calloc
calls=1 +36 
* 29
fe=(2)
759 1
-10 1
-3 1
+10 1
+3 1
cfi=(48) ./elf/../elf/dl-tls.c
cfn=(266) _dl_tls_static_surplus_init
calls=1 133 
* 73
+3 1
cfi=(48)
cfn=(268) _dl_determine_tlsoffset
calls=1 251 
* 162
+7 1
cfi=(48)
cfn=(272) _dl_allocate_tls_storage
calls=1 517 
* 460
* 1
+1 2
+6 1
fi=(78) ./elf/../sysdeps/generic/dl-call_tls_init_tp.h
31 2
fe=(2)
776 1
fi=(78)
31 6
+2 1
cfi=(24) ./elf/../sysdeps/nptl/dl-tls_init_tp.c
cfn=(278) __tls_init_tp
calls=1 +36 
* 96
fe=(2)
783 1
-3 1
+3 4

fn=(64) dl_main
1356 2
196 1
1356 11
198 1
301 1
+1 1
196 1
+99 3
1368 1
cfi=(24)
cfn=(66) __tls_pre_init_tp
calls=1 54 
* 17
2745 1
2513 1
2745 3
2584 1
+2 1
+15 2
-13 2
cfi=(25) ./elf/./elf/dl-environ.c
cfn=(68) _dl_next_ld_env_entry
calls=1 28 
* 121
* 4
cfi=(25)
cfn=(68)
calls=2 28 
* 577
* 9
+4 6
-2 2
+2 8
+1 2
-1 6
+1 17
-1 89
+9 12
2712 2
+10 3
1378 1
+1 2
-1 2
+1 2
2673 3
-47 2
+10 2
1646 8
cfi=(26) ./elf/./elf/dl-object.c
cfn=(70) _dl_new_object
calls=1 59 
* 197
* 1
+2 2
+1 3
+6 1
-5 2
+1 3
+4 1
cfi=(26)
cfn=(82) _dl_add_to_namespace_list
calls=1 31 
* 33
+1 2
1095 1
-1 1
1361 1
1122 1
-21 2
+21 1
-19 1
+1 1
+18 1
-21 1
+21 2
+1 1
-1 1
-25 1
+22 1
+4 115
+33 8
-1 4
+1 16
-1 4
+2 8
+1 1
+2 12
+1 14
+4 8
+1 8
+1 4
+4 8
-49 31
+88 22
+6 4
cfi=(31) ./elf/./elf/dl-load.c
cfn=(88) _dl_process_pt_gnu_property
calls=1 842 
* 87
-7 28
+1 14
+6 14
-6 28
fi=(32) ./elf/../sysdeps/x86/dl-prop.h
149 6
fe=(2)
1127 1
-5 1
+5 2
-5 2
+21 1
-21 1
+21 1
+2 1
-3 1
+5 1
-2 1
-23 2
+10 2
-10 1
+10 1
+1 9
-11 2
+1 14
+80 1
-81 1
+81 2
-81 3
fi=(30) ./elf/../include/stackinfo.h
62 2
fe=(2)
1122 1
fi=(30)
62 6
fe=(2)
1122 4
1222 4
+3 3
+2 2
1679 1
cfi=(33) ./elf/./elf/dl-execstack-tunable.c
cfn=(94) _dl_handle_execstack_tunable
calls=1 24 
* 33
fi=(4)
96 3
+3 4
+1 1
fe=(2)
1685 3
+1 4
cfi=(34) ./string/../sysdeps/x86_64/multiarch/../multiarch/strcmp-sse2.S
cfn=(98) strcmp
calls=1 98 
* 45
* 2
+13 2
+2 2
fi=(3)
39 4
+6 1
-2 1
+2 2
+23 26
-23 104
+4 52
+3 6
-1 12
+3 24
+1 20
+17 4
+43 2
+7 3
+1 4
+6 3
+18 4
+5 2
+2 2
+2 2
+2 2
+1 2
+3 4
+2 3
+1 2
+9 2
+6 2
+1 3
+3 3
fi=(4)
-88 4
fe=(2)
1714 2
cfi=(8)
cfn=(14)
calls=1 25 
* 27
+3 2
fi=(35) ./elf/./setup-vdso.h
24 2
fi=(38) ./elf/./dl-main.h
+85 2
fi=(37) ./elf/../sysdeps/unix/sysv/linux/dl-vdso-setup.h
-55 1
fi=(38)
+55 3
cfi=(31)
cfn=(110) _dl_init_paths
calls=1 680 
* 2207
fe=(2)
1742 3
cfi=(47) ./elf/./elf/dl-debug.c
cfn=(146) _dl_debug_initialize
calls=1 120 
* 21
+7 1
-5 1
-2 1
+7 1
+4 1
+1 1
+2 1
-3 3
+1 2
+3 1
1252 1
1755 1
1252 1
+1 2
+5 1
-3 2
+2 1
+11 1
-10 1
+3 1
+7 3
+4 1
-5 1
+5 3
-3 7
-1 14
+2 22
+2 4
+1 8
-1 8
+2 8
+5 4
-10 4
+10 8
-11 10
+18 1
+1 2
-1 2
223 1
fi=(4)
79 1
fe=(2)
224 1
-1 1
+1 1
fi=(4)
79 1
fe=(2)
224 3
1771 2
+4 1
1362 1
1776 2
+24 1
cfi=(48)
cfn=(148) _dl_count_modids
calls=1 228 
* 6
* 1
fi=(49) ./elf/../sysdeps/generic/dl-debug.h
29 4
+1 1
fe=(2)
1806 3
cfi=(47)
cfn=(152) _dl_debug_change_state
calls=1 104 
* 11
+1 1
+4 3
cfi=(51) ./elf/./elf/dl-audit.c
cfn=(156) _dl_audit_activity_map
calls=1 29 
* 5
+5 3
+2 1
+2 2
+9 2
+16 3
cfi=(66)
cfn=(216)
calls=1 25 
* 9
* 2
+76 4
+16 3
84 1
1947 1
84 2
1947 1
84 1
1947 7
cfi=(67) ./elf/./elf/dl-deps.c
cfn=(218) _dl_map_object_deps
calls=1 143 
* 7358
91 1
1957 2
-4 1
+16 1
91 2
+9 2
1953 7
+1 1
-1 1
+1 1
-1 2
+1 3
-1 3
+1 3
-1 6
+4 1
+1 2
+1 1
+2 14
+1 9
+7 2
+1 1
-1 1
+1 2
+2 1
+2 2
+16 4
+1 2
+1 3
+10 1
+2 1
-1 3
+1 3
-1 1
+1 1
cfi=(53) ./elf/./elf/dl-catch.c
cfn=(252) _dl_receive_error
calls=1 190 
* 5366
+10 1
+1 2
+3 2
820 1
fi=(251) ./elf/../sysdeps/unix/sysv/linux/dl-osinfo.h
39 2
fe=(2)
822 1
fi=(251)
52 1
fe=(2)
831 1
+2 1
+5 1
2023 3
2222 2
+4 1
-4 1
+10 1
-6 1
+6 1
+3 2
+8 2
fi=(32)
36 2
+1 4
+16 8
-13 3
+9 6
-9 1
+9 16
+4 12
-16 8
+34 2
fe=(2)
2247 1
fi=(32)
71 1
cfi=(80) ./elf/../sysdeps/x86_64/dl-cet.c
cfn=(282) _dl_cet_check
calls=1 361 
* 45
fe=(2)
2247 2
+3 1
+5 2
84 1
2260 1
-1 2
84 3
2259 5
cfi=(81) ./elf/./elf/dl-reloc.c
cfn=(284) _dl_relocate_object
calls=1 343 
* 71030
91 3
+9 2
-16 2
2268 1
84 2
2268 1
+1 18
+2 8
+5 8
+2 8
+6 4
+2 32
cfi=(81)
cfn=(284)
calls=4 343 
* 19365
+4 10
+1 2
-22 1
+22 1
cfi=(48)
cfn=(464) _dl_add_to_slotinfo
calls=1 1177 
* 27
-22 4
91 3
+1 2
2298 1
cfi=(48)
cfn=(466) _dl_tls_initial_modid_limit_setup
calls=1 1138 
* 23
+6 2
+4 4
+2 1
+7 4
cfi=(48)
cfn=(468) _dl_allocate_tls_init
calls=1 612 
* 161
+3 2
+4 3
+3 1
cfi=(145) ./elf/./elf/dl-find_object.c
cfn=(470) _dl_find_object_init
calls=1 578 
* 876
+5 2
84 1
2336 4
84 3
2336 2
cfi=(81)
cfn=(286) _dl_relocate_object_no_relro
calls=1 207 
* 257
91 3
+9 2
2339 1
cfi=(147) ./elf/../sysdeps/nptl/dl-mutex.c
cfn=(480) __rtld_mutex_init
calls=1 30 
* 523
+1 2
cfi=(7)
cfn=(484)
calls=1 76 
* 2462
+3 2
cfi=(47)
cfn=(490) _dl_debug_post_relocate
calls=1 46 
* 586
+4 2
cfi=(81)
cfn=(492) _dl_protect_relro
calls=1 352 
* 35
+5 3
cfi=(150) ./elf/./elf/dl-call-libc-early-init.c
cfn=(494) _dl_call_libc_early_init
calls=1 27 
* 1514
+7 1
cfi=(9)
cfn=(516) _dl_sysdep_start_cleanup
calls=1 147 
* 2
+4 2
cfi=(47)
cfn=(212) _dl_debug_update
calls=1 94 
* 7
+1 2
-1 1
+1 1
cfi=(47)
cfn=(152)
calls=1 104 
* 11
+1 1
+3 3
cfi=(51)
cfn=(518) _dl_audit_activity_nsid
calls=1 41 
* 10
+4 1
cfi=(70) ./elf/./elf/dl-cache.c
cfn=(520) _dl_unload_cache
calls=1 508 
* 19
+5 8
225 2
-2 2
+2 2
2280 1
+1 1
-3 2
1762 1
1289 3
1762 1
fi=(3)
56 5
+3 4
fe=(2)
1976 1
-4 1
+4 2
+14 3
fi=(36) ./elf/../sysdeps/unix/sysv/linux/dl-vdso.h
40 2
+1 5
fi=(37)
-11 1
+3 1
+3 1
+3 1
+6 1
fi=(36)
+10 2
fe=(2)
1689 1
+1 1
+1 1
+2 2
+1 3
fi=(3)
72 3
+12 3
+1 5
+1 5
+1 5
+1 4
+1 5
+1 5
+1 5
+12 2
+7 1
-7 7
+7 2
fe=(2)
1752 4
2673 2
+2 1
+1 1
-1 1
+1 1
+1 1
2016 2
cfn=(262)
calls=1 734 
* 861
* 2
fi=(3)
62 4
+2 4
fe=(2)
2636 2
+2 2
+1 1
1925 10
84 1
1824 2
84 3
1824 2
cfn=(158) handle_preload_list
calls=1 852 
* 3127
* 1
91 3
+9 3
1925 6
+1 1
-1 1
+4 3
+1 1
+1 2
+1 2
-7 2

fn=(254) version_check_doit
674 2
+2 1
-2 4
+2 3
cfi=(75) ./elf/./elf/dl-version.c
cfn=(256) _dl_check_all_versions
calls=1 399 
* 5330
* 2
+4 3

fn=(168) map_doit
641 2
+2 1
-2 4
+2 1
+1 2
-1 2
+1 3
cfi=(31)
cfn=(170) _dl_map_object
calls=1 2213 
* 2664
* 1
+2 3

fn=(158)
852 11
+5 3
-58 2
+54 3
-54 4
-2 1
+2 3
+71 1
182 1
872 2
182 2
874 2
-14 3
cfi=(52) ./string/../string/strcspn.c
cfn=(160) strcspn
calls=1 32 
* 252
* 1
+1 3
+2 4
cfi=(29) ./string/../sysdeps/x86_64/multiarch/memmove-vec-unaligned-erms.S
cfn=(80) memcpy
calls=1 210 
* 19
+1 2
-71 1
+6 4
-2 1
+2 1
-10 1
+6 1
-2 1
+6 1
cfi=(53)
cfn=(162) _dl_catch_error
calls=1 258 
* 2779
+1 3
+8 3
+67 1
-18 2
+21 9

fl=(51)
fn=(518)
41 3
+4 6
+1 3
-1 3
+2 15

fn=(156)
29 1
+2 4

fn=(942) _dl_audit_objclose
97 4
+1 16

fn=(580) _dl_audit_preinit
118 1
+1 4

fn=(214) _dl_audit_objopen
77 2
+1 8

fl=(70)
fn=(236) _dl_cache_libcmp
340 11
+1 11
-1 11
+1 22
+22 102
+2 102
-12 41
+16 41
+1 41
-29 82
+4 52
-2 104
+2 52
-2 104
+2 2
+6 1
+2 1
-2 1
+1 1
-1 1
+1 1
+1 3
+2 4
+2 2
-16 3
+32 3
-7 30

fn=(520)
508 1
+1 4
-1 1
+3 1
-3 1
+3 1
cfi=(144) ./misc/../sysdeps/unix/syscall-template.S
cfn=(522) munmap
calls=1 117 
* 6
+7 1
-6 1
+4 1
+2 1

fn=(230) _dl_load_cache_lookup
386 10
+2 2
+3 3
+74 3
206 3
468 2
199 2
332 6
206 12
+2 50
+1 10
-23 10
+23 10
+4 20
+4 30
cfn=(236)
calls=10 340 
* 751
+1 20
329 9
+1 3
206 6
499 7
228 1
+3 2
+2 4
cfn=(236)
calls=1 340 
* 78
* 2
-7 3
+9 6
fi=(252) ./elf/../sysdeps/x86/dl-isa-level.h
28 6
fe=(70)
245 2
+10 3
+1 4
+16 1
fi=(71) ./elf/../sysdeps/generic/dl-cache.h
125 1
fe=(70)
272 4
+9 2
+5 2
+27 2
483 2
+12 2
cfi=(22) ./string/../sysdeps/x86_64/multiarch/../multiarch/strlen-sse2.S
cfn=(60) strlen
calls=1 57 
* 35
+1 1
-1 1
+1 10
+1 1
-1 1
+1 1
-1 1
+1 1
cfi=(29)
cfn=(80)
calls=1 210 
* 19
* 1
+1 1
cfi=(46) ./string/./string/strdup.c
cfn=(140) strdup
calls=1 40 
* 91
+1 8
-3 2
394 4
cfi=(55) ./elf/./elf/dl-misc.c
cfn=(232) _dl_sysdep_read_whole_file
calls=1 36 
* 103
* 1
+8 5
+1 8
+3 3
+1 1
-1 4
fi=(71)
194 1
+1 5
fe=(70)
414 1
+1 2

fl=(80)
fn=(282)
361 5
-86 2
+2 2
-1 1
+6 1
+3 1
-3 1
+1 1
-1 1
+1 1
-1 1
+1 1
+5 2
+5 2
+3 1
+4 2
+5 2
-1 1
+9 2
157 1
-12 2
+12 2
-7 1
+24 2
+5 1
363 2
-61 2
+1 2

fn=(528) _dl_cet_setup_features
331 1
+3 2
+16 1

fl=(147)
fn=(480)
30 2
+10 4
-10 3
+7 1
+3 2
cfi=(148) ./elf/./elf/dl-lookup-direct.c
cfn=(482) _dl_lookup_direct
calls=1 +34 
* 262
+4 2
+1 9
+2 5
-2 1
+2 1
cfi=(148)
cfn=(482)
calls=1 +27 
* 217
* 1
+4 2
+1 6
+1 2
-1 1
+1 2

fl=(58) ./io/../sysdeps/unix/sysv/linux/fstat64.c
fn=(188) fstat
30 3
+9 12
+33 3

fl=(13) ./elf/./elf/dl-sort-maps.c
fn=(26) _dl_sort_maps_init
289 2
+1 2
-1 2
+1 2
cfi=(11)
cfn=(28)
calls=1 435 
* 18
+2 3
-1 1
+2 2

fn=(248) _dl_sort_maps
298 24
+8 2
-8 2
+8 4
-95 2
-28 2
-2 2
+1 2
+29 2
-28 8
+1 2
-1 2
+1 2
-1 4
+1 6
-1 6
+1 6
-1 12
+28 28
+8 10
-3 8
+2 8
+3 26
+2 8
-83 40
cfn=(250) dfs_traversal.part.0
calls=8 -5 
* 223
+86 32
+18 14
+19 6
cfi=(29)
cfn=(80)
calls=2 -53 
* 22
+13 8
+7 2
+27 16

fn=(250)
135 40
+10 8
-2 8
+2 16
+2 20
-7 10
+7 35
-7 10
+16 16
+15 24
+1 8
+1 16
-17 12

fl=(25)
fn=(68)
28 3
+1 3
+3 115
+13 105
-13 210
+2 214
+1 40
+5 2
-3 2
+3 2
+2 2

fl=(22)
fn=(60)
57 15
+44 15
+1 15
+1 15
+1 15
+1 15
+1 15
+1 15
+2 15
+2 15
+31 15
+1 15
+1 15
+1 15
+1 15
+1 9
+2 9
+4 6
+1 6
+1 6
+1 6
+1 6
+1 6
+1 6
+1 6
+1 6
+1 6
+1 6
+1 6
+5 48

fl=(23) ./elf/../misc/sbrk.c
fn=(62) sbrk
37 5
+3 1
+18 2
+4 2
+16 3

fl=(82)
fn=(300) check_match
70 218
+3 864
+13 535
-16 963
+19 454
cfi=(34)
cfn=(98)
calls=48 +9 
* 2628
* 96
+4 214
+1 214
+4 208
+4 208
+1 936
+1 520
cfi=(34)
cfn=(98)
calls=104 -6 
* 5549
* 208
+54 104
-54 208
+55 749
-1 3
-17 6
+2 6
+1 3
-1 6
+1 9
-1 6
-70 8
+86 4

fn=(294)
767 1368
fi=(83) ./elf/../sysdeps/generic/dl-new-hash.h
74 114
fe=(82)
767 342
fi=(83)
77 228
-8 114
+1 228
+10 114
+1 228
-1 687
+1 1374
+20 746
-2 746
+6 746
-3 1492
+2 746
-30 746
+3 1492
fe=(82)
769 114
+1 114
+3 114
-4 114
+1 114
+7 436
+5 228
-2 228
+6 342
-15 342
+15 947
+1 1596
cfn=(298) do_lookup_x
calls=114 344 
* 44257
* 342
+5 456
+23 107
+1 622
+7 107
-7 107
+35 428
+14 321
+3 214
+17 214
+2 1026
fi=(83)
87 55
+1 55
+1 110
+1 55
fe=(82)
794 49
+17 7
+1 14
+54 2

fn=(298)
344 1710
+6 114
+59 114
-58 114
fi=(84) ./elf/../sysdeps/generic/dl-protected.h
29 114
fe=(82)
409 114
fi=(84)
29 114
fe=(82)
409 798
-26 734
+4 734
+6 1101
+8 367
-4 367
+1 367
+3 1468
+1 734
+3 367
-3 367
+4 734
+7 367
-3 734
-2 367
+5 1101
+3 2569
+99 780
355 1101
+3 734
+4 746
515 3
355 2
+3 2
518 14
fi=(4)
151 214
+1 321
fe=(82)
473 214
fi=(84)
29 214
fe=(82)
480 820
+16 214
+1 107
+1 107
+21 912
-99 327
-1 218
+2 218
+2 109
+6 327
-6 109
+6 872
+7 387
-10 1180
+2 109
+1 327
-1 109
+1 218
-1 109
+1 327
+1 109
-1 109
+1 109
-1 654
cfn=(300)
calls=109 70 
* 14927
+4 1183
+51 27
-17 4
-22 14

fl=(50) ./elf/./elf/dl-debug_state.c
fn=(154) _dl_debug_state
28 2
+1 2

fl=(31)
fn=(186) _dl_map_object_from_fd
948 22
+15 2
-15 4
+15 2
-15 2
+15 4
+85 8
+10 4
+7 14
cfi=(26)
cfn=(70)
calls=2 59 
* 826
* 2
+1 4
+11 2
+1 2
-1 2
+2 2
+3 2
-1 2
-2 2
+3 6
+1 2
+19 2
-2 1
+2 9
-2 1
+2 25
+10 2
-10 4
+10 6
+27 2
-33 2
-3 2
+2 2
-1 2
+44 2
fi=(30)
62 2
fe=(31)
1139 2
-41 2
+50 2
fi=(30)
62 6
fe=(31)
1113 98
+26 48
+10 16
-1 8
-1 8
+1 16
+1 8
+2 8
-3 8
+1 8
+2 8
+2 8
-4 8
+1 8
+3 8
-4 8
+4 40
+2 16
+13 34
fi=(30)
62 12
fe=(31)
1173 6
fi=(30)
62 42
fe=(31)
1147 12
-35 18
fi=(30)
62 4
fe=(31)
1173 2
fi=(30)
62 14
fe=(31)
1147 4
-35 57
+1 135
1214 2
1112 2
1214 4
1112 6
1219 8
1078 2
1229 2
1078 12
1230 2
-1 2
+1 2
-1 6
+1 6
-1 6
+1 6
-1 18
+7 4
+10 8
+7 8
fi=(62) ./elf/./dl-map-segments.h
29 2
fe=(31)
1253 6
fi=(62)
29 4
+1 14
cfi=(60) ./misc/../sysdeps/unix/sysv/linux/mmap64.c
cfn=(192) mmap
calls=2 +17 
* 56
+72 2
-72 2
+73 4
+3 4
+1 2
-1 2
+1 2
+2 4
+17 2
-44 2
fi=(63) ./elf/./dl-load.h
+9 16
fi=(62)
+59 32
+6 2
+2 2
-2 2
+3 2
-2 2
+2 2
-1 4
+3 6
+5 4
+3 6
+8 14
cfi=(45) ./string/../sysdeps/x86_64/multiarch/../multiarch/memset-vec-unaligned-erms.S
cfn=(132) memset
calls=2 -40 
* 294
* 4
+6 4
+41 8
-88 32
+2 24
+2 12
+1 6
-1 30
cfi=(60)
cfn=(192)
calls=6 -93 
* 126
* 12
fe=(31)
1054 2
fi=(59) ./elf/../sysdeps/posix/dl-fileid.h
37 4
cfi=(58)
cfn=(188)
calls=2 -7 
* 12
* 4
+3 2
fe=(31)
999 2
fi=(59)
40 2
+1 4
fe=(31)
999 27
+1 10
fi=(59)
49 12
fe=(31)
1458 18
1133 2
+1 1
-15 4
+7 2
+2 2
-2 2
+1 2
+1 2
-1 4
+1 16
fi=(30)
62 16
fe=(31)
1211 2
-34 3
+5 1
-1 2
+5 1
-5 2
-55 1
+60 4
+1 1
+3 1
-3 1
+8 4
1086 12
+1 2
-1 1
+1 1
-1 1
+1 1
cfi=(72)
cfn=(238)
calls=1 25 
* 7
* 2
-69 4
1269 8
+1 6
fi=(64) ./elf/./elf/get-dynamic-info.h
39 4
+6 2
-2 2
+2 4
+8 3
+15 3
-23 12
+23 44
-23 176
+4 94
+3 13
-1 26
+3 40
+1 32
fi=(63)
+37 4
+2 1
-1 1
+1 1
-1 2
+1 1
-1 2
+3 4
fi=(64)
-40 10
+3 8
+13 8
+12 7
+1 8
+1 8
+1 8
+1 7
+1 7
+1 7
+1 8
+12 2
+7 2
-7 14
+7 4
+5 2
+7 2
+1 6
+6 6
+1 3
+17 6
+5 2
+2 2
+2 2
+2 2
+1 1
+3 6
+2 6
+1 4
+9 4
+6 4
+1 2
+3 4
fe=(31)
1276 4
+1 4
+2 4
+10 6
+19 6
+2 10
+20 6
+1 2
+6 12
+1 42
+6 8
cfn=(88)
calls=2 842 
* 149
-7 56
+1 27
+6 27
-6 54
fi=(32)
149 12
fe=(31)
984 4
1086 2
1349 4
cfi=(65) ./io/../sysdeps/unix/sysv/linux/close_nocancel.c
cfn=(206) __GI___close_nocancel
calls=2 25 
* 12
* 4
+13 4
+2 8
+2 4
+16 4
cfi=(8)
cfn=(14)
calls=2 25 
* 54
+4 4
+1 4
+17 4
+1 1
+3 4
+5 2
-5 4
+5 2
+5 4
+10 8
+8 4
+1 4
+5 2
cfi=(48)
cfn=(242) _dl_assign_tls_modid
calls=1 161 
* 12
+7 6
cfi=(26)
cfn=(82)
calls=2 31 
* 90
+3 4
+3 8
cfn=(210) _dl_notify_new_object
calls=2 908 
* 84
+2 2
fi=(62)
189 4
-3 1
+3 4
-3 6
+3 1
cfi=(60)
cfn=(192)
calls=1 47 
* 21
+3 2
+2 1
cfi=(61) ./misc/../sysdeps/unix/sysv/linux/setvmaname.c
cfn=(240) __is_decorate_maps_enabled
calls=1 33 
* 6
* 2
fi=(4)
-98 8
+3 2
+1 1
-1 2
+1 1
fe=(31)
1429 5
cfi=(34)
cfn=(98)
calls=1 98 
* 68
* 2
+1 3
fi=(64)
62 8
+2 8
fe=(31)

fn=(138) expand_dynamic_string_token
375 14
231 2
375 2
231 4
cfi=(43) ./string/../sysdeps/x86_64/multiarch/../multiarch/strchr-sse2.S
cfn=(122) index
calls=2 32 
* 72
+3 4
400 2
-11 2
+11 8
-11 2
cfi=(46)
cfn=(140)
calls=2 40 
* 156

fn=(134) fillin_rpath.isra.0
442 9
+4 1
-4 9
+6 3
cfi=(7)
cfn=(136)
calls=1 239 
* 242
* 3
cfi=(7)
cfn=(136)
calls=1 239 
* 9
* 6
+7 2
+2 3
cfn=(138)
calls=1 -82 
* 109
* 1
+4 2
+5 2
cfi=(22)
cfn=(60)
calls=1 57 
* 17
* 1
+1 2
+7 4
+9 15
+1 8
fi=(28)
50 2
cfi=(27)
cfn=(144) __minimal_free
calls=1 +47 
* 5
+1 1
fe=(31)
502 4
+4 3
fi=(28)
56 1
cfi=(27)
cfn=(76) __minimal_malloc
calls=1 -20 
* 18
* 1
fe=(31)
508 2
+5 1
+1 2
-1 1
-1 1
+2 1
cfi=(29)
cfn=(128) mempcpy
calls=1 197 
* 13
+3 1
-3 1
+1 1
+2 1
+7 3
-1 7
+2 1
-1 1
+1 1
-1 3
+1 1
-1 2
+1 1
+2 2
+1 3
+1 1
+6 2
+1 1
+3 3
-60 2
-22 2
+88 1
+3 8
-24 2

fn=(172) _dl_lookup_map
1917 18
+1 6
+1 6
+3 36
+5 49
+2 21
cfi=(55)
cfn=(174) _dl_name_match_p
calls=7 68 
* 961
* 14
+2 12
fi=(4)
96 18
+4 2
-1 10
+1 2
fe=(31)
1931 4
+1 6
cfi=(34)
cfn=(98)
calls=2 98 
* 50
* 4
+13 8
-1 2
+1 10

fn=(224) open_path
1760 8
+1 2
+6 2
+5 13
+57 2
-57 6
-7 1
-1 1
+65 1
-20 2
-34 1
+8 1
-8 1
+8 2
+7 5
cfi=(29)
cfn=(128)
calls=1 197 
* 13
* 3
+1 11
+3 6
+5 21
cfi=(29)
cfn=(128)
calls=3 197 
* 39
* 12
cfi=(29)
cfn=(128)
calls=3 197 
* 39
+3 6
+6 6
+3 21
cfn=(180) open_verify.constprop.0
calls=3 1511 
* 177
* 3
+2 9
+2 6
+98 9
1791 7
+99 8
+6 2
-2 1
+2 2
+3 3
1770 2
+51 18
+6 6
+2 3
-2 3
+2 6
cfi=(68) ./io/../sysdeps/unix/sysv/linux/stat64.c
cfn=(226) stat
calls=3 28 
* 46
* 3
+3 3
-3 3
+1 1
+4 1
-4 2
+4 5
-43 2
+43 2
-43 4
-19 2

fn=(178) _dl_map_new_object
1952 30
+10 4
+12 2
-5 2
-15 2
+20 4
+14 6
cfi=(43)
cfn=(122)
calls=2 32 
* 48
* 4
2140 2
-1 3
cfn=(138)
calls=1 375 
* 159
+6 1
-6 1
+2 2
+4 7
cfn=(180)
calls=1 1511 
* 105
+3 2
-3 1
+3 1
+12 6
+46 22
cfn=(186)
calls=2 948 
* 4323
* 2
+2 16
1992 2
cfi=(22)
cfn=(60)
calls=1 57 
* 17
* 2
+2 2
+7 4
+51 13
cfn=(224)
calls=1 1760 
* 564
+6 1
-6 1
+6 2
-53 1
+1 1
670 5
2010 3
656 3
2010 3
+15 2
+1 7
656 3
2051 2
+1 2
656 3
2073 2
cfi=(70)
cfn=(230)
calls=1 386 
* 1408
* 1
+2 2
+4 2
+31 1
-23 2
+23 7
cfn=(180)
calls=1 1511 
* 135
+4 2
-4 1
+4 1
+1 1
+17 2
-65 2
+2 3
-33 2

fn=(220) _dl_dst_count
228 4
+3 2
-3 4
+7 2
-7 6
+3 2
cfi=(43)
cfn=(122)
calls=2 32 
* 72
+3 4
+20 14

fn=(88)
842 3
+8 6
-6 3
+12 6
-13 3
+13 3
-13 6
+13 6
+3 9
+1 6
+1 6
+3 9
+1 9
+4 3
+1 6
+22 9
+2 12
-20 10
+4 10
-3 5
+6 5
+1 15
fi=(32)
95 20
+7 10
+16 5
-3 10
252 4
+5 2
-4 2
+4 6
+3 2
-6 6
+1 3
+2 12
+3 4
fe=(31)

fn=(110)
680 11
+14 1
-14 2
+14 2
cfi=(39) ./elf/./elf/dl-hwcaps.c
cfn=(112) _dl_important_hwcaps
calls=1 171 
* 1202
fi=(28)
56 1
fe=(31)
694 1
fi=(28)
56 1
cfi=(27)
cfn=(76)
calls=1 -20 
* 18
fe=(31)
699 1
+2 2
+7 2
+1 1
-1 3
+5 3
fi=(28)
56 1
cfi=(27)
cfn=(76)
calls=1 -20 
* 18
fe=(31)
713 1
+2 5
+7 1
+8 2
+5 1
-14 1
+16 1
-7 1
+11 1
-6 1
+9 3
-2 1
+2 1
-8 1
+6 1
+2 2
-12 1
+9 2
+1 16
cfi=(45)
cfn=(132)
calls=4 137 
* 56
+2 18
-14 3
+10 3
-8 3
+12 3
-8 3
-6 3
+5 3
+1 3
-4 3
+8 9
+1 6
+15 1
+3 1
-15 1
+7 1
-1 1
+9 2
+2 4
+2 3
+36 5
+2 2
cfi=(22)
cfn=(60)
calls=1 57 
* 17
* 8
-19 1
-2 1
+2 2
+19 9
cfi=(29)
cfn=(80)
calls=1 210 
* 11
* 1
+5 4
-1 4
+2 1
+1 2
-2 4
+1 13
+1 26
-2 52
+5 1
fi=(28)
56 1
cfi=(27)
cfn=(76)
calls=1 -20 
* 18
fe=(31)
810 1
+2 2
+6 7
cfn=(134)
calls=1 442 
* 555
+3 3
+6 1
+4 8
-35 2
+5 2

fn=(210)
908 8
+2 2
-2 10
+2 2
cfi=(47)
cfn=(212)
calls=2 94 
* 14
* 2
+1 6
+21 10
-4 4
+7 2
-2 4
+2 8
-2 2
cfi=(51)
cfn=(214)
calls=2 77 
* 10

fn=(170)
2213 21
+1 3
-1 21
+1 6
cfn=(172)
calls=3 1917 
* 1239
+1 9
+3 10
-1 10
+1 12
-1 2
cfn=(178)
calls=2 1952 
* 6972

fn=(180)
1511 50
+32 5
-32 10
+32 10
+19 20
cfi=(56) ./io/../sysdeps/unix/sysv/linux/open64_nocancel.c
cfn=(182) __open_nocancel
calls=5 28 
* 114
* 5
+2 10
+8 2
+1 4
+6 2
-1 4
+1 2
-1 2
cfi=(57) ./io/../sysdeps/unix/sysv/linux/read_nocancel.c
cfn=(184) __read_nocancel
calls=2 25 
* 12
* 2
+4 2
-2 4
+2 4
+2 4
+6 4
+15 26
+83 4
+5 4
+8 8
+6 4
+6 2
+1 2
-1 2
+1 6
+33 45
-29 12
+1 2
-1 1
+1 1
cfi=(72)
cfn=(238)
calls=1 25 
* 7
* 2
1548 6
+57 3
1718 2
+24 6

fl=(148)
fn=(482)
74 39
+2 6
+2 9
+37 3
-37 9
+1 6
+2 15
+3 25
-52 3
+54 6
-54 3
+54 3
-54 9
+1 9
+2 6
+1 6
+12 9
+3 3
+2 6
-2 3
+2 9
cfi=(34)
cfn=(98)
calls=3 +45 
* 214
* 6
+4 6
+1 3
-1 3
+1 15
+1 9
cfi=(34)
cfn=(98)
calls=3 +39 
* 217
* 6
+57 27
-23 6

fl=(52)
fn=(160)
32 5
+1 3
+1 2
+5 6
+1 4
+1 4
+1 4
+2 1
+3 3
+1 2
-1 6
+1 4
+3 4
+1 4
+1 4
+1 4
+2 3
+6 1
-1 1
+1 1
+2 2
-1 2
+2 1
+2 6
-5 12
-1 12
+1 12
+2 24
-1 24
+2 12
+2 72
+2 1
+1 4
+1 2

fl=(241) ./elf/./elf/dl-call_fini.c
fn=(916) _dl_call_fini
24 32
+4 8
+6 4
-2 4
+3 8
+4 4
+3 4
-4 10
+5 2
cob=(4) /usr/libexec/valgrind/vgpreload_core-amd64-linux.so
cfi=(162) ???
cfn=(944) 0x00000000000010d0
calls=1 -43 
* 96
cob=(5)
cfi=(168)
cfn=(918) 0x0000000000001300
calls=1 -43 
* 96
-1 6
+5 4
+1 8
+1 4
+1 10
-1 2
cob=(3)
cfi=(156)
cfn=(960) 0x0000000004848294
calls=1 -49 
* 4
cob=(3)
cfi=(156)
cfn=(940) 0x0000000004002c68
calls=1 -49 
* 4
+1 12

fl=(8)
fn=(14)
25 4
+3 12
+3 12
+1 8
+2 4
-1 4
+3 12
+1 4
+1 8
+2 4
-2 4
+3 8
+4 8
-2 4
+2 8
+5 4

fl=(26)
fn=(70)
59 45
+3 6
+18 2
+3 4
cfi=(22)
cfn=(60)
calls=2 -26 
* 52
+4 2
-4 2
+4 2
+5 2
-9 6
fi=(28)
-39 4
cfi=(27)
cfn=(72)
calls=2 +36 
* 164
fe=(26)
+39 1
fi=(28)
-39 2
cfi=(27)
cfn=(72)
calls=1 +36 
* 35
* 3
fe=(26)
+51 6
+4 3
-1 3
+6 3
-5 3
+5 3
-5 3
+4 3
+1 3
-1 3
+1 6
cfi=(29)
cfn=(80)
calls=3 210 
* 44
* 3
+15 3
-15 3
+2 3
+13 6
+6 1
+2 7
+3 2
-3 14
+3 4
+6 3
-4 3
+4 3
+3 10
+2 12
-2 8
+2 8
-2 16
+16 6
-5 3
-1 6
+6 9
+2 4
+3 4
-3 4
+7 8
+4 6
+8 1
+13 1
-10 2
+10 5
-10 4
+10 6
+2 2
cfi=(22)
cfn=(60)
calls=2 57 
* 70
+21 2
-21 6
+17 2
-13 6
+50 6
cfi=(29)
cfn=(128)
calls=2 -48 
* 42
* 2
+5 4
+1 4
-1 80
+1 80
+4 4
+1 2
+3 2
+4 27
131 6
-8 2
-4 4
+34 1
+7 4
+8 8
fi=(28)
56 4
cfi=(27)
cfn=(76)
calls=2 -20 
* 36
* 2
fe=(26)
200 4
-1 4
64 2
+2 3
+1 6
+10 1
-6 2

fn=(82)
31 15
+2 3
-2 6
+2 3
cfi=(24)
cfn=(84) rtld_mutex_dummy
calls=3 +10 
* 9
+2 19
+3 20
+2 2
+2 2
+4 2
+1 2
+3 2
-4 2
+1 2
+1 2
+3 2
-3 2
+3 4
-1 2
cfi=(24)
cfn=(84)
calls=2 -7 
* 6
-4 1
+1 1
+3 1
-4 1
+1 1
+1 1
+3 1
-3 1
+3 2
-1 1
cfi=(24)
cfn=(84)
calls=1 -7 
* 3
-5 2

fl=(56)
fn=(182)
28 12
+3 6
-3 18
+3 36
+8 42
+2 6
-2 9
+2 6

fl=(1) ???
fn=(0) 0x0000000000023340
0 2
cfi=(2)
cfn=(2)
calls=1 519 
0 156272
0 8
cfi=(80)
cfn=(528)
calls=1 331 
0 4
0 10
cfi=(161) ./elf/./elf/dl-init.c
cfn=(532) _dl_init
calls=1 81 
0 420
0 3
cob=(5)
cfi=(168)
cfn=(560) (below main)
calls=1 0 
0 11527052001

fl=(29)
fn=(128)
197 13
+1 13
+1 13
+1 13
+17 13
+1 13
+2 5
+1 5
+1 5
+2 2
+1 2
+1 2
+2 2
+80 8
+1 8
+2 1
+4 1
+1 1
+1 1
+8 1
+39 7
+1 7
+1 7
+1 7
+1 7
+7 3
+1 3
+1 3
+1 3
+1 3
+1 3
+1 3
+11 3
+1 3
+2 3
+1 3
+1 3

fn=(80)
210 17
+1 17
+6 17
+1 17
+2 10
+1 10
+1 10
+2 5
+1 5
+1 5
+2 5
+80 7
+1 7
+2 1
+4 1
+1 1
+1 1
+1 1
+1 1
+4 1
+2 1
+39 6
+1 6
+1 6
+1 6
+1 6
+7 5
+1 5
+1 5
+1 5
+1 5
+1 5
+1 5
+11 5
+1 5
+2 5
+1 5
+1 5

fl=(150)
fn=(494)
27 1
+2 2
-2 1
+6 3
-6 3
+6 1
-6 1
+6 2
cfi=(148)
cfn=(482)
calls=1 +41 
* 220
* 1
+4 3
+2 3
+1 1
-1 1
+2 2
-1 1
cob=(2)
cfi=(151)
cfn=(496)
calls=1 -6 
* 1268

fl=(238)
fn=(910)
26 6
+17 1
-17 4
+20 8
+3 2
cob=(2)
cfi=(239)
cfn=(912)
calls=1 +22 
* 38
+2 1
+3 2
+2 5
-10 4
+95 2
+13 8
-13 2
+2 1
-2 2
+6 2
-84 3
-2 1
+2 1
cfi=(51)
cfn=(518)
calls=1 -22 
* 10
+5 16
+6 1
-6 1
+4 1
+2 3
+2 8
+2 8
+2 8
+1 4
+1 4
+4 4
-12 12
+19 6
+1 4
+6 6
cfi=(13)
cfn=(248)
calls=1 298 
* 290
+9 2
cob=(2)
cfi=(240)
cfn=(914)
calls=1 357 
* 28
+5 6
+2 1
+2 2
-2 3
+2 6
+13 2
+4 3
cfi=(51)
cfn=(518)
calls=1 -94 
* 10
* 2
-15 16
cfi=(241)
cfn=(916)
calls=4 -96 
* 322
+3 8
cfi=(51)
cfn=(942)
calls=4 -26 
* 20
-9 8
+14 4
-14 13

fl=(161)
fn=(534) call_init.part.0
26 48
+17 4
+3 4
-3 8
+3 8
+5 6
+8 9
+1 6
cob=(3)
cfi=(156)
cfn=(536) 0x0000000004848000
calls=1 -60 
* 7
+3 3
+1 6
+6 6
+3 4
-1 14
+2 8
cob=(2)
cfi=(167)
cfn=(556)
calls=1 -10 
* 22
cob=(2)
cfi=(166)
cfn=(554)
calls=1 545 
* 12
* 8
cob=(2)
cfi=(163)
cfn=(546)
calls=1 -28 
* 69
cob=(4)
cfi=(162)
cfn=(540) 0x0000000000001110
calls=1 -74 
* 12
-1 12
+3 32
-29 2

fn=(532)
81 13
+1 1
+1 1
+3 3
+8 2
+25 1
+1 8
+1 8
-92 8
+6 12
+2 17
+83 6
cfn=(534)
calls=3 -94 
* 233
* 6
+7 8
-98 2
+60 2
-54 3
+2 7
cfn=(534)
calls=1 -11 
* 77
* 2

fl=(39)
fn=(112)
171 6
+3 1
-3 3
+3 1
-3 6
+2 1
cfi=(40) ./elf/../sysdeps/x86_64/dl-hwcaps-subdirs.c
cfn=(114) _dl_hwcaps_subdirs_active
calls=1 29 
* 36
fi=(41) ./elf/./dl-hwcaps.h
43 1
fe=(39)
173 1
fi=(41)
45 1
+32 1
+1 1
+1 1
fe=(39)
-28 2
cfi=(42) ./elf/./elf/dl-hwcaps_split.c
cfn=(120) _dl_hwcaps_split_masked
calls=1 * 
* 22
* 2
fi=(41)
-8 1
+2 1
-2 1
+34 2
+1 2
+1 1
fe=(39)
-25 2
-1 2
+1 2
+2 4
-5 4
cfi=(42)
cfn=(120)
calls=2 * 
* 128
* 2
cfi=(42)
cfn=(120)
calls=1 * 
* 125
* 6
+48 4
fi=(28)
-43 2
cfi=(27)
cfn=(76)
calls=1 -20 
* 18
fe=(39)
+45 2
-2 1
+2 1
fi=(41)
-58 3
fe=(39)
+61 1
fi=(41)
-59 1
fe=(39)
+66 1
fi=(41)
-65 1
fe=(39)
+65 2
cfi=(42)
cfn=(124) _dl_hwcaps_split
calls=1 -86 
* 7
* 2
fi=(41)
-68 2
+2 1
-2 3
+34 2
+1 2
fe=(39)
+46 3
fi=(41)
-45 1
fe=(39)
+47 10
+1 4
+1 2
+1 2
-1 2
-4 4
cfi=(42)
cfn=(120)
calls=2 -73 
* 128
* 2
cfi=(42)
cfn=(120)
calls=1 -73 
* 125
* 6
+8 4
+9 3
+3 1
-3 9
+1 7
+8 2
+4 2
-4 2
+4 3
cfi=(44)
cfn=(126)
calls=1 -95 
* 19
+1 2
+1 1
+4 1
+1 2
+1 1
-20 2
+19 1
+1 1
-20 3
-1 8
+47 4
-3 1
+7 1
-7 1
+7 1
fi=(28)
56 1
cfi=(27)
cfn=(76)
calls=1 -20 
* 18
fe=(39)
193 2
fi=(28)
56 1
fe=(39)
193 1
-9 1
fi=(41)
43 1
fe=(39)
+36 1
200 1
-16 1
+17 1
79 1
fi=(41)
-34 1
fe=(39)
201 1
fi=(41)
77 1
+1 1
fe=(39)
201 3
fi=(41)
79 1
fe=(39)
-3 2
cfi=(42)
cfn=(120)
calls=1 -25 
* 22
* 2
fi=(41)
-33 1
+2 1
fe=(39)
+34 2
fi=(41)
-36 1
+34 2
+1 2
+1 1
fe=(39)
-1 2
+1 4
+7 2
-7 8
cfi=(29)
cfn=(128)
calls=2 197 
* 26
+4 2
+2 2
+2 2
-2 4
-9 4
cfi=(42)
cfn=(120)
calls=2 -25 
* 128
* 2
cfi=(42)
cfn=(120)
calls=1 -25 
* 125
* 6
212 2
-5 2
+1 1
+4 1
+3 9

fl=(65)
fn=(206)
25 3
+1 12
+1 3

fl=(45)
fn=(132)
137 8
+1 40
+5 8
+1 8
+3 3
+1 3
+2 1
+1 1
+1 1
+84 2
+1 2
+12 2
+3 2
+1 2
+12 2
+1 2
+13 2
+1 2
+2 2
+3 1
+3 2
+3 1
+1 1
+1 1
+1 1
+1 1
+1 1
+1 1
-6 35
+1 35
+1 35
+1 35
+1 35
+1 35
+1 35
+3 2
+1 2
+1 2
+1 2
+5 2
+46 5
+2 5
+1 5
+39 5
+1 5
+2 5

fl=(144)
fn=(462) mprotect
117 20
+5 4

fn=(522)
117 5
+5 1

fl=(24)
fn=(278)
69 2
fi=(253) ./elf/../include/list.h
-25 1
fe=(24)
+25 2
fi=(253)
-26 1
fe=(24)
+27 1
+3 1
fi=(253)
-30 1
fe=(24)
+33 1
fi=(253)
-32 1
+1 1
+2 1
fe=(24)
+29 3
+13 1
+6 1
-18 2
+12 1
-11 1
+11 1
-10 1
+5 2
+11 1
-3 1
-3 1
+6 1
+16 4
cfi=(11)
cfn=(28)
calls=1 435 
* 18
fi=(79) ./elf/../sysdeps/unix/sysv/linux/rseq-internal.h
-11 1
-7 1
+7 2
+24 1
fe=(24)
-11 1
+6 2
+1 2
fi=(79)
-12 2
-15 2
+15 2
+4 1
-19 1
+19 3
cfi=(45)
cfn=(132)
calls=1 +25 
* 13
+4 1
+2 2
-6 1
+6 1
-2 1
+2 2
+1 2
fe=(24)

fn=(66)
54 4
+3 9
+5 2
+1 1
+2 1

fn=(84)
43 8
+2 16

fl=(81)
fn=(284)
343 5
+1 12
-1 15
+3 3
cfn=(286)
calls=3 207 
* 90276
+7 9
+3 15
+3 3
-3 3
+3 3
+4 6
-15 9
+16 12
cfi=(144)
cfn=(462)
calls=3 117 
* 18
* 6

fn=(286)
207 32
+13 4
-13 16
+16 4
-16 4
+16 4
+3 12
+20 12
+1 8
-30 4
+33 4
+7 8
fi=(6)
78 4
fi=(4)
+1 4
fe=(81)
296 8
fi=(4)
79 8
fe=(81)
296 11133
fi=(4)
79 1
fe=(81)
296 1
fi=(4)
79 2
fe=(81)
296 144
190 32
296 4
fi=(5)
53 4
fe=(81)
296 4
fi=(5)
49 4
+31 4
-32 4
+1 4
+1 4
-1 4
+4 4
-3 8
+3 4
-3 8
+3 8
+27 8
fe=(81)
296 4
fi=(5)
53 4
fe=(81)
296 4
fi=(5)
49 4
+31 4
-32 4
+1 4
+1 4
-1 4
+4 4
-3 8
+3 4
-3 8
+3 8
+27 8
fe=(81)
296 32
fi=(6)
725 24
+4 6
fe=(81)
298 16
+23 4
+3 8
+14 32
fi=(5)
105 24
+9 16
fi=(6)
493 18
+5 12
+1 12
fi=(5)
114 6
fi=(6)
499 12
fi=(5)
114 12
+3 32
+3 24
+2 12
-49 9
fe=(81)
190 21
fi=(5)
-66 6
+1 3
-1 3
+5 3
-5 6
+1 9
+4 6
-5 336
+1 168
-1 168
+5 168
-5 336
+1 504
+4 336
-2 124
-1 372
+1 248
-1 124
+1 124
fi=(6)
262 248
+7 248
+4 248
fe=(81)
170 496
fi=(4)
-18 330
fe=(81)
+19 220
+3 220
+8 206
-8 918
+12 202
-3 101
+1 101
+2 408
-3 2
+1 2
+2 111
+1 103
-1 103
+2 206
-1 412
+3 618
cfi=(82)
cfn=(294)
calls=103 767 
* 59009
+4 103
-4 103
+3 103
+1 618
fi=(6)
+88 1093
+4 242
+26 744
418 24
fi=(5)
141 24
fi=(6)
418 200
fi=(5)
141 333
-19 522
+33 6
+1 63
+1 186
+3 94
+2 47
+2 47
-4 47
+2 47
+1 47
-1 94
fe=(81)
+8 188
fi=(6)
286 94
471 94
+2 47
cfi=(15) ./elf/../sysdeps/x86/dl-get-cpu-features.c
cfn=(478) __x86_cpu_features
calls=1 76 
* 6
cob=(2)
cfi=(143)
cfn=(458)
calls=1 31 
* 22
cob=(2)
cfi=(142)
cfn=(454)
calls=1 33 
* 22
cob=(2)
cfi=(141)
cfn=(450)
calls=1 31 
* 18
cob=(2)
cfi=(140)
cfn=(448)
calls=1 29 
* 7
cob=(2)
cfi=(138)
cfn=(444)
calls=1 29 
* 21
cob=(2)
cfi=(137)
cfn=(440)
calls=1 29 
* 22
cob=(2)
cfi=(136)
cfn=(436)
calls=1 33 
* 19
cob=(2)
cfi=(135)
cfn=(432)
calls=1 29 
* 22
cob=(2)
cfi=(133)
cfn=(428)
calls=1 29 
* 25
cob=(2)
cfi=(132)
cfn=(424)
calls=1 29 
* 21
cob=(2)
cfi=(131)
cfn=(420)
calls=1 29 
* 25
cob=(2)
cfi=(130)
cfn=(416)
calls=1 31 
* 18
cob=(2)
cfi=(129)
cfn=(412)
calls=1 31 
* 22
cob=(2)
cfi=(128)
cfn=(408)
calls=1 29 
* 19
cob=(2)
cfi=(126)
cfn=(404)
calls=2 31 
* 38
cob=(2)
cfi=(124)
cfn=(400)
calls=1 29 
* 25
cob=(2)
cfi=(123)
cfn=(396)
calls=1 31 
* 25
cob=(2)
cfi=(122)
cfn=(392)
calls=1 31 
* 22
cob=(2)
cfi=(120)
cfn=(388)
calls=1 29 
* 19
cob=(2)
cfi=(119)
cfn=(386)
calls=1 60 
* 17
cob=(2)
cfi=(118)
cfn=(384)
calls=1 29 
* 7
cob=(2)
cfi=(111)
cfn=(378)
calls=1 31 
* 22
cob=(2)
cfi=(115)
cfn=(376)
calls=1 67 
* 22
cob=(2)
cfi=(113)
cfn=(372)
calls=2 31 
* 42
cob=(2)
cfi=(111)
cfn=(368)
calls=1 31 
* 21
cob=(2)
cfi=(110)
cfn=(364)
calls=1 30 
* 25
cob=(2)
cfi=(109)
cfn=(360)
calls=1 28 
* 25
cob=(2)
cfi=(107)
cfn=(356)
calls=1 29 
* 23
cob=(2)
cfi=(106)
cfn=(354)
calls=1 65 
* 21
cob=(2)
cfi=(104)
cfn=(350)
calls=2 31 
* 50
cob=(2)
cfi=(102)
cfn=(346)
calls=1 29 
* 22
cob=(2)
cfi=(100)
cfn=(342)
calls=1 31 
* 18
cob=(2)
cfi=(99)
cfn=(338)
calls=1 29 
* 25
cob=(2)
cfi=(98)
cfn=(334)
calls=1 29 
* 22
cob=(2)
cfi=(96)
cfn=(330)
calls=1 29 
* 22
cob=(2)
cfi=(95)
cfn=(326)
calls=1 29 
* 20
cob=(2)
cfi=(93)
cfn=(322)
calls=1 29 
* 23
cob=(2)
cfi=(91)
cfn=(318)
calls=1 30 
* 20
cob=(2)
cfi=(90)
cfn=(316)
calls=1 79 
* 20
cob=(2)
cfi=(89)
cfn=(314)
calls=1 29 
* 7
cob=(2)
cfi=(87)
cfn=(310)
calls=2 31 
* 50
cob=(2)
cfi=(85)
cfn=(306)
calls=1 86 
* 30
fi=(5)
156 47
fi=(6)
474 47
fi=(5)
156 98
-14 96
fi=(6)
395 45
+2 60
+4 15
+9 15
-9 30
+9 15
fi=(5)
141 30
fi=(6)
315 32
+3 32
455 3
+5 2
-1 3
+1 2
-1 1
cfi=(29)
cfn=(80)
calls=1 210 
* 11
+2 5
+1 2
fi=(5)
132 47
+1 47
-1 141
+2 47
fi=(6)
282 70
fi=(5)
51 4
fi=(4)
+28 8
fe=(81)
296 72
fi=(6)
-14 235
fe=(81)
175 63
+3 7
-1 7
+19 7
-18 14
fi=(5)
-7 4
-98 3
fe=(81)
190 5
fi=(5)
-17 3
+3 1
-3 4
+3 2
-3 15
+3 5
-3 20
+3 10
-2 12
+10 6
fi=(6)
+78 12
+7 12
+4 12
fe=(81)
170 24
fi=(4)
-18 18
fe=(81)
+19 12
+3 12
+8 12
-8 54
+12 12
-3 6
+1 6
+2 36
+4 24
-4 6
+4 18
cfi=(82)
cfn=(294)
calls=6 767 
* 2919
+4 6
-4 6
+3 6
+1 36
fi=(6)
+88 32
+4 4
+26 36
418 6
fi=(5)
187 18
-16 18
+31 5
fe=(81)
+48 4
+7 8
-9 4
fi=(6)
+54 7
fe=(81)
175 21

fn=(492)
352 1
+1 3
+3 5
+3 1
-3 1
+3 1
+4 2
-11 1
+12 3
-12 3
+12 1
-12 1
+12 1
cfi=(144)
cfn=(462)
calls=1 117 
* 6
* 2
+6 3

fl=(16) ./elf/../sysdeps/x86/cpu-features.c
fn=(42) update_active.constprop.0
90 7
+4 1
+28 1
+9 1
-18 1
-10 1
-1 1
+25 1
-23 1
-1 1
-1 2
+19 1
-18 1
+24 1
+8 1
-31 1
+23 1
+3 1
-18 1
+9 1
+9 2
-18 1
+15 1
+3 2
+4 1
-13 1
+13 2
-22 1
+22 2
+5 1
-18 1
+18 1
-4 1
+4 3
+1 1
+2 1
+5 1
-7 2
+1 1
+1 1
-1 2
+5 1
+2 1
-2 4
+1 1
+1 1
-1 2
+1 1
-1 1
+3 2
+1 4
+14 2
+4 2
+1 2
-1 4
+1 2
+2 3
+91 1
-1 2
+17 4
+16 2
+5 1
-1 2
+4 4
+4 2
fi=(18) ./elf/../sysdeps/x86/get-isa-level.h
30 1
fe=(16)
389 2
+4 3
fi=(19) ./elf/../sysdeps/unix/sysv/linux/x86/dl-hwcap2.h
25 2
fi=(18)
+6 1
-3 1
+3 2
fe=(16)
402 1
+1 7
-92 3
+1 2
+5 1
-1 1
+10 1
-6 1
+2 1
-2 1
+3 1
+3 1
fi=(18)
32 3
+7 4
+1 3
+8 1
-1 1
+1 2
+3 4
+3 2
+9 5
fe=(16)
176 4
+6 2
+14 1
+12 3
-12 1
+12 1
-12 1
+2 1
+10 1
-10 2
-2 1
+2 1
+6 2
+4 1
-4 1
+2 1
-2 1
+2 3
+7 5
-24 1
-5 2
+4 1

fn=(36) init_cpu_features.constprop.0
728 1
+23 1
-23 7
+3 1
+9 1
-8 1
+1 1
+9 1
+9 2
+3 6
+6 6
cfn=(38) get_common_indices.constprop.0
calls=1 431 
* 71
409 3
+1 2
+1 6
+5 2
+1 6
+5 2
+1 8
765 1
cfn=(42)
calls=1 90 
* 202
+4 1
+42 1
-38 1
+15 1
-18 1
+41 1
-36 1
-5 1
+39 1
-39 1
+3 2
901 2
+7 2
+60 2
+7 2
+2 2
+4 2
+6 2
1156 1
758 1
1156 1
fi=(20) ./elf/../sysdeps/x86/dl-cacheinfo.h
1010 6
fe=(16)
755 1
1148 3
+1 2
+3 2
+1 2
+3 2
+7 1
+1 1
+1 1
+1 1
fi=(20)
861 2
964 1
+5 1
+11 1
-9 1
+4 1
+5 1
-16 1
+1 1
+15 1
-9 1
+2 1
-8 1
+1 1
+4 1
-4 1
+1 1
+5 1
-5 1
+1 1
+5 1
-5 1
+6 1
+37 2
-17 3
+8 2
+29 6
+9 2
+20 2
+13 2
-13 1
+6 1
+20 1
-20 1
+7 1
-7 1
+7 1
cfi=(11)
cfn=(28)
calls=1 435 
* 17
* 1
+3 1
+2 2
-3 1
+1 3
+2 1
-2 1
+2 1
cfi=(11)
cfn=(28)
calls=1 435 
* 17
* 1
+12 1
+68 1
-68 1
-10 1
+78 2
-72 2
+72 1
-68 1
+68 1
-68 1
cfi=(11)
cfn=(28)
calls=1 435 
* 17
* 1
+5 1
-4 1
+4 1
-4 2
+55 1
-51 1
+51 1
-51 1
cfi=(11)
cfn=(28)
calls=1 435 
* 17
* 1
+5 1
-4 1
+4 1
-4 2
+37 1
-33 1
+33 1
-33 1
cfi=(11)
cfn=(28)
calls=1 435 
* 17
* 1
+7 1
-6 1
+6 1
+42 1
-42 2
cfi=(11)
cfn=(28)
calls=1 435 
* 17
+2 1
-2 1
+42 1
-40 1
-2 1
+26 10
cfi=(11)
cfn=(58)
calls=1 162 
* 40
+6 3
+3 9
cfi=(11)
cfn=(58)
calls=1 162 
* 40
+2 10
cfi=(11)
cfn=(58)
calls=1 162 
* 40
+1 10
cfi=(11)
cfn=(58)
calls=1 162 
* 40
+1 11
cfi=(11)
cfn=(58)
calls=1 162 
* 40
+3 10
cfi=(11)
cfn=(58)
calls=1 162 
* 40
+8 1
fe=(16)
+13 2
fi=(20)
-10 1
fe=(16)
+10 1
fi=(20)
-9 1
-4 1
+1 1
+2 1
+2 1
-4 1
+1 1
+3 1
-3 1
+4 1
fe=(16)
+7 1
cfi=(11)
cfn=(28)
calls=1 435 
* 16
+3 4
cfi=(11)
cfn=(28)
calls=1 435 
* 18
+9 1
+4 1
-4 2
+55 1
-1 1
+1 1
+45 4
cfi=(11)
cfn=(28)
calls=1 435 
* 16
+2 4
cfi=(11)
cfn=(28)
calls=1 435 
* 16
+4 2
+3 4
+3 1
+35 3
-32 1
+32 1
cfi=(11)
cfn=(28)
calls=1 435 
* 18
+7 8
fi=(20)
1046 3
+3 1
+1 2
fe=(16)
1195 1
+1 1
-1 1
+1 2
+45 3
+27 2
-10 3
+1 3
+6 1
-3 2
fi=(20)
863 3
cfn=(50) handle_intel.constprop.0
calls=1 266 
* 443
+1 1
-1 1
+1 1
cfn=(50)
calls=1 266 
* 521
+4 1
-4 1
+1 2
+3 1
cfn=(50)
calls=1 266 
* 471
+2 1
-2 1
+2 1
cfn=(50)
calls=1 266 
* 463
+3 1
-3 1
+1 2
+2 1
cfn=(50)
calls=1 266 
* 433
+2 1
-2 1
+2 1
cfn=(50)
calls=1 266 
* 435
+2 1
-2 1
+2 1
cfn=(50)
calls=1 266 
* 496
+2 1
-2 1
+2 1
cfn=(50)
calls=1 266 
* 486
+2 1
-2 1
+2 1
cfn=(50)
calls=1 266 
* 488
+1 1
+2 1
-3 1
+1 1
+2 1
cfn=(50)
calls=1 266 
* 511
+2 1
-2 1
+2 1
cfn=(50)
calls=1 266 
* 513
+2 1
-2 1
+2 1
cfn=(50)
calls=1 266 
* 514
+2 4
-2 1
+2 2
cfn=(56) get_common_cache_info.constprop.0
calls=1 624 
* 206
1001 1
-6 3
+6 1
-6 2
+6 2
-6 2
+6 3
-1 2
fe=(16)
775 3
565 4
781 5
+37 2
+3 2
926 1
+1 2

fn=(38)
431 3
+4 4
+3 3
+5 2
-5 1
+5 1
-5 1
+4 1
+1 1
+1 4
+1 4
+1 3
+1 2
+7 2
+2 4
+5 1
-5 1
+5 1
-5 2
+5 1
+7 1
-7 4
+7 1
+1 3
+6 1
-6 4
+6 1
fi=(17) ./elf/../sysdeps/unix/sysv/linux/x86/dl-minsigstacksize.h
24 2
+3 2
+1 2
+37 3
+9 2
fe=(16)
490 3

fl=(14) ./elf/../sysdeps/unix/sysv/linux/brk.c
fn=(30) brk
36 1
fi=(254) ./elf/../sysdeps/unix/sysv/linux/brk_call.h
-12 2
fe=(14)
+13 1
+1 2
+6 1
+1 1

fl=(68)
fn=(226)
28 6
+1 12
cfi=(69)
cfn=(228)
calls=3 146 
* 28

fl=(67)
fn=(218)
143 5
+1 2
-1 1
+1 1
-1 2
+1 1
-1 1
+1 1
-1 4
+1 3
-1 1
+1 7
-8 1
+8 2
-8 1
-6 1
-2 1
+16 1
-8 1
-7 1
+1 1
+6 1
+24 4
-28 3
-2 1
+31 1
-33 1
+32 1
-30 2
+30 1
-30 1
-1 4
+7 4
+24 3
+28 3
-6 1
-18 1
+22 1
fi=(74) ./elf/../include/scratch_buffer.h
77 3
+1 1
fe=(67)
184 1
+48 3
-35 1
-4 1
+4 5
-4 3
+4 6
+11 12
-18 2
+18 4
417 8
+2 2
+3 2
-3 6
+3 4
fi=(28)
56 2
cfi=(27)
cfn=(76)
calls=2 -20 
* 36
fe=(67)
423 4
fi=(28)
56 2
fe=(67)
423 2
+6 2
+1 6
cfi=(29)
cfn=(80)
calls=2 210 
* 22
+1 12
cfi=(29)
cfn=(80)
calls=2 210 
* 22
+3 2
+1 2
+4 12
188 6
442 9
-1 4
+1 8
183 5
+27 8
+7 2
+4 2
-6 2
+1 2
+1 2
+4 2
-3 4
+3 4
+7 2
-38 4
+38 2
-9 2
-29 2
+38 2
-38 4
+32 112
+6 8
cfi=(31)
cfn=(220)
calls=2 * 
* 110
* 6
+4 4
-2 2
+2 4
cfi=(53)
cfn=(164) _dl_catch_exception
calls=2 -24 
* 5821
+1 4
+9 2
+2 4
+5 10
+6 2
+2 2
-8 4
+3 2
+1 2
+1 2
+1 2
+4 2
-3 2
+3 6
+4 6
+1 3
-43 232
+7 4
+38 162
fi=(74)
85 3
fe=(67)
448 5
+1 1
+3 4
+11 5
fi=(28)
56 1
cfi=(27)
cfn=(76)
calls=1 -20 
* 18
fe=(67)
465 3
fi=(28)
56 1
fe=(67)
465 1
+5 3
+1 1
-1 2
+4 3
-2 2
+13 3
-7 3
+7 3
-1 3
+1 3
-1 3
+6 3
-16 9
+4 1
+7 1
-1 1
+1 1
-1 1
+6 1
-16 3
+21 3
+37 2
+15 1
+1 1
-15 2
+20 1
-1 4
+1 2
-1 5
cfi=(13)
cfn=(248)
calls=1 298 
* 251
+5 1
+2 1
+1 1
+1 2
-2 1
+2 1
+7 3
+3 2
+3 8
198 25
+3 2
fi=(74)
-70 6
cfi=(73) ./malloc/./malloc/scratch_buffer_set_array_size.c
cfn=(244) __libc_scratch_buffer_set_array_size
calls=2 30 
* 50
fe=(67)
+70 4
+4 4
547 5
cfi=(29)
cfn=(80)
calls=1 210 
* 11
* 3
-53 2
144 2

fn=(222) openaux
61 12
+7 2
-4 6
+1 2
-1 14
cfi=(31)
cfn=(170)
calls=2 2213 
* 5641
* 2
+5 6

fl=(47)
fn=(146)
120 1
-44 2
+46 2
+5 3
+1 1
+26 1
-26 1
+29 2
-37 1
+49 2
-9 2
+2 3

fn=(490)
46 2
+6 3
-6 2
+6 5
-1 1
+1 1
cfi=(82)
cfn=(294)
calls=1 767 
* 554
+2 2
-2 1
+2 3
+2 7
+1 3
+13 2

fn=(212)
94 3
-17 3
-1 6
+20 6
+4 3

fn=(152)
104 2
+3 2
-2 2
+2 4
+4 2
cfi=(50)
cfn=(154)
calls=2 -83 
* 4
-4 6

fl=(34)
fn=(260) strncmp
98 1
+27 1
+1 1
+1 1
+1 1
+1 1
+2 1
+1 1
+2 1
+1 1
+21 1
+1 1
+44 1
+1 1
+1 1
+1 1
+1 1
+1 1
+1 1
+1 1
+1 1
+1 1
+1 1
+1 1
+2 1
+1 1
+1 1
+1 1
+1 1
+1 1
1613 1
+1 1
+1 1
+1 1
+1 1
+2 1
+1 1
+1 1
+1 1
+1 1
+1 1
+1 1
2095 1
+1 1
+1 1
+1 1
+1 2
+5 1
+3 1
+1 1
+2 1
+1 1
+8 1
+1 1

fn=(98)
98 204
+33 204
+1 204
+2 204
+1 204
+21 204
+1 204
+1 92
+1 92
+1 58
+1 58
+1 58
+1 58
+17 58
+1 58
+1 58
+1 58
+1 58
+1 58
+1 58
+5 15
+1 45
+9 15
+1 15
+1 15
+1 15
+1 15
+1 15
+1 15
+1 15
-7 146
+1 146
+1 146
+1 146
+1 146
+1 146
+1 146
+1 146
+1 103
+1 58
+1 58
+1 58
+2 58
+1 58
+1 58
+1 58
+1 58
+1 58
-5 45
+1 45
+1 45
+1 45
+1 45
+1 45
+10 58
+1 58
+1 58
+2 58
+6 58
+1 58
+1 58
+1 58
+1 58
+5 58
+2 58
+1 58
+1 116
+8 58
+1 58
+3 58
+1 58
+1 58
+1 58
+1 58
+1 58
542 1
+1 1
+1 1
+1 1
+1 1
+2 1
+1 1
+1 1
+1 1
+1 1
+1 1
+1 1
+1 1
+4 1
+1 1
+1 1
+6 1
+1 1
+1 2
+4 1
+1 1
+3 1
+1 1
+1 1
+2 1
+1 1
+1 1
+4 1
+1 1
+1 1
+1 1
+1 1
+1 1
+69 3
+1 3
+1 3
+1 3
+1 3
+2 3
+1 3
+1 3
+1 3
+1 3
+1 3
+1 3
+1 3
+4 3
+1 3
+1 3
+6 3
+1 3
+1 6
+4 3
+1 3
+3 3
+1 3
+1 3
+2 3
+1 3
+1 3
+4 3
+1 3
+1 3
+1 3
+1 3
+1 3
+69 4
+1 4
+1 4
+1 4
+1 4
+2 4
+1 4
+1 4
+1 4
+1 4
+1 4
+1 4
+1 1
+4 1
+1 1
+1 1
+6 1
+1 1
+1 2
+4 1
+1 1
+3 1
+1 1
+1 1
+2 1
+1 1
+1 1
+4 1
+1 1
+1 1
+1 1
+1 1
+1 1
+7 1
+1 1
+2 1
+1 1
+2 1
+1 1
+1 1
+2 1
+1 1
+1 1
+4 1
+1 1
+1 1
+1 1
+1 1
+1 1
+41 2
+1 2
+1 2
+1 2
+1 2
+2 2
+1 2
+1 2
+1 2
+1 2
+1 2
+1 2
+1 2
+4 2
+1 2
+1 2
+6 2
+1 2
+1 4
+4 2
+1 2
+3 2
+1 2
+1 2
+2 2
+1 2
+1 2
+4 2
+1 2
+1 2
+1 2
+1 2
+1 2
+69 9
+1 9
+1 9
+1 9
+1 9
+2 9
+1 9
+1 9
+1 9
+1 9
+1 9
+1 9
+1 3
+4 3
+1 3
+1 3
+6 3
+1 3
+1 6
+4 3
+1 3
+3 3
+1 3
+1 3
+2 3
+1 3
+1 3
+4 3
+1 3
+1 3
+1 3
+1 3
+1 3
+7 1
+1 1
+2 1
+1 1
+2 1
+1 1
+1 1
+2 1
+1 1
+1 1
+4 1
+1 1
+1 1
+1 1
+1 1
+1 1
+41 6
+1 6
+1 6
+1 6
+1 6
+2 6
+1 6
+1 6
+1 6
+1 6
+1 6
+1 6
+1 2
+4 2
+1 2
+1 2
+6 2
+1 2
+1 4
+4 2
+1 2
+3 2
+1 2
+1 2
+2 2
+1 2
+1 2
+4 2
+1 2
+1 2
+1 2
+1 2
+1 2
+7 1
+1 1
+2 1
+1 1
+2 1
+1 1
+1 1
+2 1
+1 1
+1 1
+4 1
+1 1
+1 1
+1 1
+1 1
+1 1
+41 26
+1 26
+1 26
+1 26
+1 26
+2 26
+1 26
+1 26
+1 26
+1 26
+1 26
+1 26
+1 25
+4 25
+1 25
+1 25
+6 25
+1 25
+1 50
+4 25
+1 25
+3 25
+1 25
+1 25
+2 25
+1 25
+1 25
+4 25
+1 25
+1 25
+1 25
+1 25
+1 25
+69 3
+1 3
+1 3
+1 3
+1 3
+2 3
+1 3
+1 3
+1 3
+1 3
+1 3
+1 3
1494 10
+1 10
+1 10
+1 10
+1 10
+2 10
+1 10
+1 10
+1 10
+1 10
+1 10
+1 10
+1 5
+4 5
+1 5
+1 5
+6 5
+1 5
+1 10
+4 5
+1 5
+3 5
+1 5
+1 5
+2 5
+1 5
+1 5
+4 5
+1 5
+1 5
+1 5
+1 5
+1 5
+7 1
+1 1
+2 1
+1 1
+2 1
+1 1
+1 1
+2 1
+1 1
+1 1
+4 1
+1 1
+1 1
+1 1
+1 1
+1 1
+41 7
+1 7
+1 7
+1 7
+1 7
+2 7
+1 7
+1 7
+1 7
+1 7
+1 7
+1 7
1732 3
+1 3
+1 3
+1 3
+1 3
+2 3
+1 3
+1 3
+1 3
+1 3
+1 3
+1 3
+1 3
+4 3
+1 3
+1 3
+6 3
+1 3
+1 6
+4 3
+1 3
+3 3
+1 3
+1 3
+2 3
+1 3
+1 3
+4 3
+1 3
+1 3
+1 3
+1 3
+1 3
+69 7
+1 7
+1 7
+1 7
+1 7
+2 7
+1 7
+1 7
+1 7
+1 7
+1 7
+1 7
+1 2
+4 2
+1 2
+1 2
+6 2
+1 2
+1 4
+4 2
+1 2
+3 2
+1 2
+1 2
+2 2
+1 2
+1 2
+4 2
+1 2
+1 2
+1 2
+1 2
+1 2
+69 22
+1 22
+1 22
+1 22
+1 22
+2 22
+1 22
+1 22
+1 22
+1 22
+1 22
+1 22
+2 22
+4 22
+1 22
+1 22
+6 22
+1 22
+2 44
+4 22
+1 22
+3 22
+1 22
+1 22
+2 22
+1 22
+1 22
+4 22
+1 22
+1 22
+1 22
+1 22
+1 22
+71 127
+2 127
+1 127
+1 127
+1 127
-3 34
+1 34
+1 34
+1 34
+1 116
+5 58
+6 58
+1 58
+8 58
+1 58
-16 146
+6 146
+1 146
+8 146
+1 146

fl=(53)
fn=(164)
208 18
58 3
208 6
+3 6
+21 15
58 6
239 9
cfi=(54) ./setjmp/../sysdeps/x86_64/setjmp.S
cfn=(166) __sigsetjmp
calls=3 31 
* 72
* 9
+2 9
cfi=(67)
cfn=(222)
calls=2 61 
* 5685
cfi=(2)
cfn=(168)
calls=1 641 
* 2683
69 3
+1 3
-1 3
+1 3
243 12
-25 3
+34 9
59 6
+11 9

fn=(252)
190 2
58 1
190 3
+2 1
58 1
+1 1
+11 1
196 1
+2 2
cfi=(2)
cfn=(254)
calls=1 674 
* 5345
69 2
+1 1
201 1
+1 4

fn=(162)
258 6
+2 1
-2 1
+2 1
-2 2
+2 1
-2 1
+2 1
cfn=(164)
calls=1 -52 
* 2751
* 1
+1 2
+1 1
+1 1
-1 1
+3 1
-2 1
+2 6

fl=(46)
fn=(140)
40 18
+1 3
cfi=(22)
cfn=(60)
calls=3 +16 
* 87
* 3
fi=(255) ./string/../include/rtld-malloc.h
+15 6
cfi=(27)
cfn=(76)
calls=3 -20 
* 54
fe=(46)
-12 6
+3 6
+1 3
-1 3
+1 6
-1 3
cfi=(29)
cfn=(80)
calls=3 210 
* 49

fl=(54)
fn=(166)
31 3
+2 3
+9 3
+1 6
+1 3
+4 3
+1 3
+1 3
+1 3
+1 3
+2 6
+2 3
+1 3
+1 3
+2 6
+2 3
+8 3
+3 3
+1 3
+7 3
+1 3

fl=(40)
fn=(114)
29 1
fi=(18)
+2 1
fe=(40)
+7 1
fi=(18)
-7 3
fe=(40)
+21 2
fi=(18)
-20 3
+7 1
fe=(40)
-1 1
fi=(18)
+1 4
+1 4
+8 1
fe=(40)
-5 1
fi=(18)
+5 2
+3 4
+3 2
fe=(40)
-3 5

fl=(145)
fn=(476) _dlfo_sort_mappings
553 1
+1 2
-1 2
+4 2
-4 2
+4 1
-4 3
+8 1
+1 1
-1 1
+1 2
-1 1
+1 1
-1 1
+1 10
+1 4
+2 4
-3 8
+1 2
+2 2
-3 4
+8 6
+1 6
-1 4
+1 10
+1 6
-15 6
+17 4

fn=(474) _dlfo_process_initial
505 14
+3 2
-3 2
+1 2
+3 4
+5 10
+10 10
-9 6
+1 8
-1 16
+3 28
+3 24
-7 10
+34 2
-2 2
+2 16
-24 12
+5 18
+3 3
-1 9
cfi=(146)
cfn=(472)
calls=3 105 
* 373
+2 12

fn=(470)
578 6
+3 1
+2 2
+13 1
cfn=(474)
calls=1 -91 
* 99
* 1
+1 3
fi=(28)
56 1
cfi=(27)
cfn=(76)
calls=1 -20 
* 18
fe=(145)
597 1
+2 2
+3 3
+5 1
+1 1
cfn=(474)
calls=1 505 
* 484
+3 4
+10 5
-37 2
cfi=(146)
cfn=(472)
calls=1 105 
* 135
* 1
+29 1
cfn=(476)
calls=1 -60 
* 97
+3 6
+2 1

fl=(55)
fn=(232)
36 2
+3 1
-3 5
+3 1
-3 1
+3 1
cfi=(56)
cfn=(182)
calls=1 -11 
* 21
+1 3
+2 4
cfi=(58)
cfn=(188)
calls=1 -12 
* 6
* 3
+2 2
+3 2
+13 3
cfi=(65)
cfn=(206)
calls=1 -35 
* 6
* 1
+3 6
-14 6
cfi=(60)
cfn=(192)
calls=1 -2 
* 26
* 3

fn=(174)
68 98
+1 28
cfi=(34)
cfn=(98)
calls=14 +29 
* 547
* 14
+1 14
-1 14
+3 14
+2 28
+4 15
-4 30
+1 54
cfi=(34)
cfn=(98)
calls=18 +23 
* 773
* 36
-5 3
+11 23
-1 11
+1 33

fl=(20)
fn=(52) intel_check_word.constprop.0
133 48
-4 48
+10 72
+87 24
-97 72
+90 24
-90 48
+10 48
-10 24
+10 24
+73 72
-73 24
+73 48
-69 24
+2 48
-10 12
257 144
-31 144
fi=(21) ./elf/../bits/stdlib-bsearch.h
28 144
fe=(20)
+92 96
fi=(21)
-92 108
fe=(20)
+92 72
+3 324
fi=(21)
-97 768
+2 720
fe=(20)
+92 480
+21 144
+2 36
+2 132
+8 120
+51 96
fi=(21)
44 60
-18 120
+17 72
fe=(20)
165 36
+3 60
+9 18
+1 18
+1 18
+1 18
-18 18
+12 18
+23 21
-32 63
+3 63
+4 58
+2 116
+3 58
+1 50
+1 38
+1 24
+2 11
+2 22
+6 14
+3 8
+1 12
-3 9
-5 4
+2 4
+1 4
-2 4
-1 4
+2 8
-2 4
+3 4
-2 12
+2 12
+11 2
-38 6
+12 15

fn=(50)
266 24
-5 12
+17 12
-17 96
+11 12
+6 36
+4 24
+34 96
-29 12
+3 24
-3 12
+3 12
cfn=(52)
calls=12 133 
* 4008
+2 24
+3 60
cfn=(52)
calls=12 133 
* 1286
+2 24

fn=(56)
624 11
+47 1
-29 1
-3 1
+32 1
-17 2
-11 1
+28 2
+4 2
-26 1
+31 1
-14 1
-15 4
+32 1
-32 9
+75 4
+8 1
+2 1
-2 5
+2 2
-2 1
-4 3
+31 2
-21 4
+2 1
+2 2
-4 3
+2 1
+2 6
+2 4
+3 2
+5 1
+2 2
+1 1
+1 1
-2 2
+1 1
-19 4
+46 2
+2 1
-1 1
+1 2
+1 1
+25 3
+11 4
+1 5
+4 2
+7 1
+1 1
+1 1
+1 7
693 6
+14 2
+4 1
+3 1
+1 1
-4 2
+3 3
+6 4
-37 12
+7 6
-7 3
+7 2
+3 20
+5 2
+4 1
+1 1
-1 2
+1 1
+61 2
+7 1
+2 2
-16 1
+22 1
-6 2
+1 2
+5 1

fl=(43)
fn=(122)
32 15
+1 15
+1 15
+1 15
+1 15
+1 15
+1 15
+1 15
+1 15
+1 15
+1 15
+1 15
+1 15
+1 15
+1 15
+1 15
+1 15
+1 15
+1 13
+4 13
+1 13
+1 13
+1 13
+2 13
+4 2
+1 2
+1 2
+1 2
+1 2
+1 2
+1 2
+1 2
+1 2
+1 2
+1 2
+1 2
+1 2
+1 2
+1 2
+1 2
+1 2
+1 2
+1 2
+1 2
+1 2
+1 2
+1 2
+1 2
+52 2
+4 2
+1 2
+1 2
+1 2
+2 2

fl=(61)
fn=(240)
33 1
+1 3
+9 2

fn=(194) __set_vma_name
60 2
-26 6
+26 6
-26 2
+36 1
-33 6
cfi=(11)
cfn=(28)
calls=1 435 
* 18
* 6
+5 1
+28 3

fl=(73)
fn=(244)
30 26
+4 2
+1 4
+10 4
+18 2
-17 2
+17 10

fl=(42)
fn=(120)
51 110
-25 33
+36 5
-7 5
+7 35
-26 24
+5 27
cfi=(43)
cfn=(122)
calls=9 -9 
* 216
+1 18
+3 18
+11 6
+1 18
+1 12
-13 6
+11 3
+1 9
+1 6
-28 24
+4 54
+1 12
-1 30
+24 6
+9 12
-5 6
-2 6
+2 42
-19 6
cfi=(22)
cfn=(60)
calls=3 +14 
* 51
* 3

fn=(124)
25 2
+1 3
+1 1
+20 1

fl=(9)
fn=(18) _dl_sysdep_parse_arguments
78 1
+2 1
-2 7
+1 1
+1 1
-1 1
+2 3
+2 3
-1 1
+1 2
-1 106
+1 212
+7 56
fi=(10) ./elf/../sysdeps/unix/sysv/linux/dl-parse_auxv.h
-48 1
fe=(9)
+44 1
fi=(10)
-53 1
fe=(9)
+53 1
fi=(10)
-53 1
+1 1
+1 1
+7 3
+1 44
+1 22
-2 22
+2 22
-2 66
+13 1
+10 1
fe=(9)
+29 1
fi=(10)
-27 1
fe=(9)
+26 1
+2 1
fi=(10)
-40 1
+2 1
fe=(9)
+37 1
fi=(10)
-47 1
+10 1
+8 1
-17 1
+1 1
+16 1
-15 1
+1 1
+14 1
+2 1
-15 1
+1 1
+1 2
+13 3
-18 1
+6 1
-5 1
+5 1
+2 1
-6 1
+6 1
fe=(9)
+37 1
fi=(10)
-42 1
-4 1
+5 1
+1 1
-8 1
+21 1
-20 1
+18 1
fe=(9)
+28 1
+1 1
+1 1
+1 8

fn=(16)
102 5
+4 1
-4 1
+1 1
+3 1
cfn=(18)
calls=1 -28 
* 634
+4 2
cfi=(11)
cfn=(22)
calls=1 294 
* 28956
+3 1
cfi=(13)
cfn=(26)
calls=1 289 
* 32
+2 2
cfi=(14)
cfn=(30)
calls=1 -79 
* 8
fi=(6)
+94 1
cfi=(15)
cfn=(34) _dl_x86_init_cpu_features
calls=1 37 
* 7126
fe=(9)
-87 3
+1 1
cfi=(22)
cfn=(60)
calls=1 -66 
* 17
* 1
+2 2
cfi=(23)
cfn=(62)
calls=1 -88 
* 13
* 3
+12 3
+3 5
cfi=(2)
cfn=(64)
calls=1 1356 
* 118829
+3 4

fn=(516)
147 1
+1 1

fl=(33)
fn=(94)
24 2
+1 2
-1 2
+1 2
cfi=(11)
cfn=(28)
calls=1 435 
* 18
* 5
+14 2

fl=(57)
fn=(184)
25 2
+1 8
+1 2

fl=(15)
fn=(34)
37 1
+2 3
+2 1
cfi=(16)
cfn=(36)
calls=1 728 
* 7121

fn=(478)
76 1
-37 3
+37 2

fl=(75)
fn=(258) _dl_check_map_versions
155 36
+15 12
+2 12
+2 12
+1 4
+2 8
+3 4
+4 4
-20 2
-8 2
+69 14
36 4
200 4
36 12
+1 5
-1 10
+2 21
cfi=(55)
cfn=(174)
calls=7 +30 
* 774
* 18
208 4
+5 2
99 8
213 4
+4 4
+1 4
-1 2
+4 4
-3 8
-1 16
+1 16
-1 8
+4 16
-3 62
56 40
+8 20
+6 30
+16 10
+1 20
+2 10
+5 90
+14 252
+12 348
+4 116
-30 232
231 40
+3 30
+5 8
-24 8
110 10
+3 40
cfi=(34)
cfn=(98)
calls=10 -15 
* 403
* 40
224 30
+4 6
+15 6
+14 10
+3 4
+3 14
+3 10
+4 2
-7 8
+3 6
+4 49
-7 196
+3 149
+8 6
+6 6
fi=(28)
44 3
fe=(75)
280 6
fi=(28)
44 3
cfi=(27)
cfn=(72)
calls=3 +36 
* 87
fe=(75)
281 6
-2 3
fi=(28)
44 3
fe=(75)
281 3
+13 3
-3 3
+3 12
+2 6
+3 8
+4 6
+7 10
+1 10
-1 20
+1 10
+1 10
-2 10
+2 20
+1 30
+3 30
+5 8
-15 8
+2 8
-2 8
+2 8
-2 8
+2 16
-2 2
+2 2
-2 2
+2 2
-2 2
+2 4
+16 6
+48 6
+1 4
+1 4
+1 2
+19 36
164 2
-8 2
257 5
+77 4
+3 4
+4 51
+6 51
+1 51
+1 51
-1 102
+1 51
-1 51
+1 51
+1 51
+3 153
+4 51
-14 106
+10 18
+11 201
+1 134
+1 18
-32 2
-40 2
-20 3
377 4
+2 124
+1 60
+2 1
+1 2
-1 1
+1 1
cfi=(34)
cfn=(260)
calls=1 98 
* 55
* 2

fn=(256)
399 7
+4 5
-2 3
+4 24
cfn=(258)
calls=4 155 
* 5268
-2 4
+1 4
-1 8
+5 7

fl=(48)
fn=(466)
1138 1
+1 1
+3 4
+6 2
-6 3
+2 6
+1 4
+6 1
+1 1

fn=(272)
517 7
fi=(77) ./elf/./dl-tls_block_align.h
23 1
fe=(48)
+74 1
523 2
fi=(28)
56 1
cfi=(27)
cfn=(76)
calls=1 -20 
* 83
fe=(48)
525 2
fi=(77)
41 2
+6 4
+5 1
fi=(28)
-8 1
fi=(77)
+3 1
+1 1
+4 304
fe=(48)
535 1
-70 1
+5 1
fi=(28)
44 1
cfi=(27)
cfn=(72)
calls=1 +36 
* 29
fe=(48)
471 2
-2 1
+11 1
-11 1
+11 1
+60 2
-23 1
103 1
545 6

fn=(148)
228 1
+2 2
+1 1
+15 2

fn=(266)
133 2
+3 1
-3 3
+3 1
-3 1
+3 1
-3 2
+3 1
cfi=(11)
cfn=(28)
calls=1 435 
* 17
* 1
+1 4
cfi=(11)
cfn=(28)
calls=1 435 
* 17
+1 1
+2 1
-3 1
+1 2
+2 3
+3 1
+2 1
-26 3
+28 3
+1 6

fn=(468)
612 10
+1 2
+4 1
+9 2
-3 2
cfi=(24)
cfn=(84)
calls=1 43 
* 3
+3 3
+12 3
+70 2
cfi=(24)
cfn=(84)
calls=1 43 
* 3
+3 1
+3 9
-52 1
-42 1
-1 1
+43 2
-19 11
+26 2
+1 4
+2 2
+1 2
+9 1
+10 2
+2 6
cfi=(29)
cfn=(128)
calls=1 197 
* 21
* 5
cfi=(45)
cfn=(132)
calls=1 137 
* 25
-51 1
+55 1
+4 2
-59 4
+6 4
+3 3
+1 2
+6 3
+3 1
-2 1
+6 1
-6 1
+2 2
+4 1
-4 3
+3 2
+41 2

fn=(268)
251 7
+35 1
-35 1
+37 3
-34 1
-1 1
-1 2
+63 3
+3 1
-3 5
+5 1
+7 1
-7 4
+3 1
-34 1
-1 2
+1 3
-1 6
+3 12
+4 1
-1 1
+5 1
-5 1
+1 1
-1 1
+3 2
+2 3
fi=(76) ./elf/../sysdeps/unix/sysv/linux/dl-extra_tls.h
32 3
+12 1
-12 1
cfi=(11)
cfn=(28)
calls=1 435 
* 18
+1 3
+4 10
+14 4
cfi=(11)
cfn=(28)
calls=1 435 
* 18
+1 3
fe=(48)
350 6
455 1
-94 1
+2 1
-2 2
+3 7
+2 2
+90 7
fi=(76)
54 1
fe=(48)
344 3
+6 3

fn=(464)
1177 1
+1 5
-1 4
+9 1
+3 1
+1 1
+4 3
+36 2
+3 2
+1 3
+5 1
-3 1
+4 2

fn=(242)
161 1
+16 1
-13 1
-3 3
+3 1
+55 1
-2 1
+5 1
+1 2

fl=(27)
fn=(72)
80 8
+4 8
-4 32
+7 8
+1 24
fi=(28)
-32 8
cfi=(27)
cfn=(76)
calls=8 -20 
* 256
fe=(27)

fn=(76)
36 24
+1 72
+11 69
+3 23
-3 23
+3 46
-3 2
+3 1
-3 1
+3 90
+5 8
+1 4
-21 2
+24 6
-24 6
+24 2
-24 2
+23 2
+1 4
-24 2
+24 2
cfi=(60)
cfn=(192)
calls=2 -13 
* 52
+2 4
+2 10
cfi=(61)
cfn=(194)
calls=2 -4 
* 51
+1 8
+2 2
+4 2
-1 2
-3 2
+4 2
+2 10
-3 22
+1 22
+2 22
-30 1
-1 1
+1 1
+1 2
-2 2

fn=(144)
97 1
+2 4

fl=(60)
fn=(192)
47 12
+3 24
-3 72
+6 24
+5 72
+2 48
-7 29

ob=(4)
fl=(162)
fn=(954) 0x0000000000001060
0 5

fn=(944)
0 9
cob=(3)
cfi=(156)
cfn=(950) 0x0000000004848030
calls=1 0 
0 78
0 1
cfn=(954)
calls=1 0 
0 5
0 3

fn=(540)
0 12

ob=(5)
fl=(175)
fn=(802) node_free
185 4
+2 1
+1 3
+1 3
cob=(3)
cfi=(156)
cfn=(804) 0x0000000004001150
calls=1 0 
* 88
+1 2
-3 6
+5 4

fn=(772) color_quant
323 10
+2 3
+1 3
+2 4
cfn=(774) node_new
calls=1 167 
* 336
* 1
+1 2
+1 89579520
cfn=(782) node_insert
calls=17915904 195 
* 5840653656
* 89579520
cfn=(784) heap_add
calls=17915904 131 
* 3792402552
-1 161243143
+3 1
+1 4047
cfn=(796) pop_heap
calls=1349 151 
* 1318154
* 2698
cfn=(798) node_fold
calls=1349 214 
* 74195
* 6745
cfn=(784)
calls=1349 131 
* 200319
-1 6750
+4 2
+1 28
+1 20
+1 44
+1 44
+1 44
-5 19
+8 2
+2 5
+1 89579520
cfn=(800) color_replace
calls=17915904 228 
* 1301142528
-1 161243143
+3 1
cfn=(802)
calls=1 185 
* 111
+1 3
cob=(3)
cfi=(156)
cfn=(804)
calls=1 0 
* 127
+1 6

fn=(800)
228 89579520
+3 35831808
+1 455735808
+1 86220288
-1 110854656
+1 86220288
+1 40310784
-3 55987200
+2 17915904
+4 89579520
+1 89579520
+1 89579520
+1 53747712

fn=(590)
355 9
+1 2
+5 5
cob=(3)
cfi=(156)
cfn=(592) 0x0000000004001230
calls=1 0 
* 116
* 4
+2 5
cfn=(600) read_ppm
calls=1 48 
* 5767
* 1
+2 2
+7 4
cob=(3)
cfi=(156)
cfn=(768) 0x0000000004001190
calls=1 0 
* 13
+2 6
cfn=(772)
calls=1 -51 
* 11527037306
+2 4
cob=(3)
cfi=(156)
cfn=(768)
calls=1 0 
* 13
+3 5
+1 7
-2 2
+4 6
cob=(3)
cfi=(156)
cfn=(810) 0x00000000040011c0
calls=1 0 
* 3222
+2 7
cfn=(884) write_ppm
calls=1 17 
* 3453
+1 3
cob=(3)
cfi=(156)
cfn=(804)
calls=1 0 
* 82
+2 1
+1 5

fn=(798)
214 6745
+1 5396
+1 4047
+1 9443
+2 9443
+1 9443
+1 9443
+1 6745
+1 9443
+1 1349
+1 2698

fn=(600)
48 6
+1 5
cob=(3)
cfi=(156)
cfn=(602) 0x0000000004001220
calls=1 -49 
* 822
* 1
+2 1
+1 2
+2 3
cob=(3)
cfi=(156)
cfn=(650) 0x00000000040011d0
calls=1 -54 
* 423
* 5
cob=(3)
cfi=(156)
cfn=(650)
calls=1 -54 
* 12
* 3
cob=(3)
cfi=(156)
cfn=(676) 0x0000000004001250
calls=1 -54 
* 6
* 4
cob=(3)
cfi=(156)
cfn=(650)
calls=1 -54 
* 12
* 8
+3 3
cfn=(680) read_num
calls=1 -22 
* 839
* 1
+1 3
cfn=(680)
calls=1 -23 
* 839
* 1
+1 3
cfn=(680)
calls=1 -24 
* 790
* 1
+1 6
+2 5
cfn=(696) img_new
calls=1 -35 
* 340
* 1
+1 13
cob=(3)
cfi=(156)
cfn=(706) 0x0000000004001180
calls=1 -63 
* 785
* 1
+2 5
cob=(3)
cfi=(156)
cfn=(728) 0x00000000040011a0
calls=1 -65 
* 814
+1 1
+1 3

fn=(792) cmp_node
86 179051910
+1 214862686
+1 214863210
+2 322282215
+1 322282215
+1 279705924
+1 71620764

fn=(884)
17 6
+1 5
cob=(3)
cfi=(156)
cfn=(602)
calls=1 -18 
* 484
* 1
+1 2
+1 9
cob=(3)
cfi=(156)
cfn=(886) 0x00000000040011f0
calls=1 -20 
* 1418
+1 15
cob=(3)
cfi=(156)
cfn=(894) 0x0000000004001240
calls=1 -21 
* 896
+1 3
cob=(3)
cfi=(156)
cfn=(728)
calls=1 -22 
* 611
+1 1
+1 2

fn=(790) up_heap
114 107503518
+1 53751759
+3 17917253
+1 214160076
+1 89233365
cfn=(792)
calls=17846673 -34 
* 803092859
* 35693346
+2 4304
+1 1614
+1 3228
-6 35906700
+2 17846135
+6 142769080
+1 53538405
+1 53538405
-2 568944
+1 213354
+1 213354

fn=(774)
167 13530
+2 4059
+1 3
cob=(3)
cfi=(156)
cfn=(776) 0x00000000040011e0
calls=1 0 
* 291
* 1
+1 3
+1 2
+1 1
+3 8
+1 3
+1 3
+1 3
+1 2
-4 10816
+1 4056
+1 4056
+1 4056
+1 9464
+1 1352
+1 2704
-1 1
+1 2

fn=(784)
131 107503518
+1 107503518
+1 89579500
cfn=(794) down_heap
calls=17915900 -37 
* 1718680491
+1 89579500
cfn=(790)
calls=17915900 -20 
* 1625799301
+1 17915900
+3 8118
+1 5414
+1 8118
+1 18
+1 9
cob=(3)
cfi=(156)
cfn=(786) 0x0000000004001210
calls=1 0 
* 147
* 2
+3 4
+1 12
+1 5
cfn=(790)
calls=1 -33 
* 27
-2 5408
+1 16224
+1 6760
cfn=(790)
calls=1352 -33 
* 156371
+1 35834506

fn=(696)
27 6
+1 10
cob=(3)
cfi=(156)
cfn=(698) 0x0000000004001200
calls=1 -28 
* 310
* 1
+1 6
+1 4
+1 1
+1 2

fn=(794)
96 107503494
+1 53751747
+2 53751747
+1 71668996
-1 138924
+1 185232
+1 215144586
cfn=(792)
calls=8946861 -15 
* 402595789
* 20076532
+2 24010910
cfn=(792)
calls=2182810 -17 
* 98219574
* 75174418
cfn=(792)
calls=6834038 -17 
* 300760702
* 18033696
+2 648312
+1 416772
+1 92616
-8 46308
+1 17893418
+3 8970540
+6 71764320
+1 26911620
+1 26911620
-2 71573672
+1 26840127
+1 26840127

fn=(680)
35 24
+2 24
cob=(3)
cfi=(156)
cfn=(682) 0x0000000004001170
calls=3 -37 
* 2396
* 6
+7 3
+1 15

fn=(782)
195 125411328
+1 17915904
+2 35831808
+1 2445520896
+1 564350976
-1 403107840
+1 313528320
+1 9464
cfn=(774)
calls=1352 -34 
* 54080
* 5408
+2 8112
-5 5408
+5 752459856
-5 555387616
+8 143327232
+1 161243136
+1 161243136
+1 89579520
+1 17915904
+1 53747712

fn=(796)
151 6745
+1 5396
+2 5396
+1 22933
+2 10792
+2 6745
+1 10792
cfn=(794)
calls=1349 -64 
* 1245308
+2 1349
+1 2698

fl=(168)
fn=(572)
0 12

fn=(918)
0 9
cob=(3)
cfi=(156)
cfn=(924) 0x0000000004001140
calls=1 0 
0 78
0 1
cfn=(934) 0x0000000000001290
calls=1 0 
0 5
0 3

fn=(560)
0 12
cob=(2)
cfi=(169)
cfn=(562)
calls=1 242 
0 11527051989

fn=(934)
0 5

ob=(3)
fl=(156)
fn=(506)
0 30
cob=(1)
cfi=(11)
cfn=(28)
calls=15 435 
0 260

fn=(578)
0 2
cob=(1)
cfi=(51)
cfn=(580)
calls=1 118 
0 5

fn=(822)
0 10
cob=(2)
cfi=(189)
cfn=(824)
calls=5 53 
0 104

fn=(836)
0 2
cob=(2)
cfi=(217)
cfn=(838)
calls=1 52 
0 14

fn=(550)
0 2
cob=(2)
cfi=(165)
cfn=(552)
calls=1 53 
0 22

fn=(728)
0 4
cob=(2)
cfi=(205)
cfn=(730)
calls=2 34 
0 1421

fn=(744)
0 8
cob=(2)
cfi=(159)
cfn=(746)
calls=4 3319 
0 641

fn=(768)
0 4
cob=(2)
cfi=(208)
cfn=(770)
calls=2 30 
0 22

fn=(536)
0 7

fn=(682)
0 6
cob=(2)
cfi=(195)
cfn=(684)
calls=3 25 
0 2390

fn=(714)
0 6
cob=(2)
cfi=(202)
cfn=(716)
calls=3 242 
0 844

fn=(724)
0 22
cob=(2)
cfi=(202)
cfn=(718)
calls=11 255 
0 150

fn=(886)
0 2
cob=(2)
cfi=(232)
cfn=(888)
calls=1 27 
0 1416

fn=(924)
0 2
cob=(2)
cfi=(242)
cfn=(926)
calls=1 45 
0 76

fn=(960)
0 4

fn=(606)
0 10
cob=(2)
cfi=(159)
cfn=(608)
calls=5 3283 
0 819

fn=(804)
0 6
cob=(2)
cfi=(159)
cfn=(746)
calls=3 3319 
0 291

fn=(646)
0 4
cob=(2)
cfi=(189)
cfn=(648)
calls=2 53 
0 42

fn=(676)
0 2
cob=(2)
cfi=(194)
cfn=(678)
calls=1 42 
0 4

fn=(786)
0 2
cob=(2)
cfi=(159)
cfn=(788)
calls=1 3380 
0 145

fn=(602)
0 4
cob=(2)
cfi=(179)
cfn=(604)
calls=2 85 
0 1302

fn=(810)
0 2
cob=(2)
cfi=(210)
cfn=(812)
calls=1 28 
0 3220

fn=(894)
0 2
cob=(2)
cfi=(234)
cfn=(896)
calls=1 31 
0 894

fn=(950)
0 2
cob=(2)
cfi=(242)
cfn=(926)
calls=1 45 
0 76

fn=(650)
0 6
cob=(2)
cfi=(190)
cfn=(652)
calls=3 34 
0 441

fn=(706)
0 2
cob=(2)
cfi=(201)
cfn=(708)
calls=1 31 
0 783

fn=(568)
0 7

fn=(592)
0 2
cob=(2)
cfi=(176)
cfn=(594)
calls=1 26 
0 114

fn=(776)
0 2
cob=(2)
cfi=(159)
cfn=(778)
calls=1 3739 
0 289

fn=(940)
0 4

fn=(698)
0 2
cob=(2)
cfi=(159)
cfn=(608)
calls=1 3283 
0 308

totals: 11527208720
